Component: ARM Compiler 5.06 update 5 (build 528) Tool: armlink [4d35e2]

==============================================================================

Section Cross References

    main.o(i.MAX30102Task) refers to event_groups.o(i.xEventGroupWaitBits) for xEventGroupWaitBits
    main.o(i.MAX30102Task) refers to port.o(i.vPortEnterCritical) for vPortEnterCritical
    main.o(i.MAX30102Task) refers to blood.o(i.blood_Loop) for blood_Loop
    main.o(i.MAX30102Task) refers to printfa.o(i.__0printf) for __2printf
    main.o(i.MAX30102Task) refers to f2d.o(.text) for __aeabi_f2d
    main.o(i.MAX30102Task) refers to event_groups.o(i.xEventGroupSetBits) for xEventGroupSetBits
    main.o(i.MAX30102Task) refers to port.o(i.vPortExitCritical) for vPortExitCritical
    main.o(i.MAX30102Task) refers to tasks.o(i.vTaskDelay) for vTaskDelay
    main.o(i.MAX30102Task) refers to main.o(.data) for .data
    main.o(i.MAX30102Task) refers to blood.o(.data) for g_blooddata
    main.o(i.OLEDTask) refers to event_groups.o(i.xEventGroupWaitBits) for xEventGroupWaitBits
    main.o(i.OLEDTask) refers to port.o(i.vPortEnterCritical) for vPortEnterCritical
    main.o(i.OLEDTask) refers to printfa.o(i.__0printf) for __2printf
    main.o(i.OLEDTask) refers to oled12832.o(i.oled_Clear) for oled_Clear
    main.o(i.OLEDTask) refers to delay.o(i.delay_xms) for delay_xms
    main.o(i.OLEDTask) refers to printfa.o(i.__0sprintf) for __2sprintf
    main.o(i.OLEDTask) refers to oled12832.o(i.oled_Display_8x16_Buffer) for oled_Display_8x16_Buffer
    main.o(i.OLEDTask) refers to f2d.o(.text) for __aeabi_f2d
    main.o(i.OLEDTask) refers to ffixui.o(.text) for __aeabi_f2uiz
    main.o(i.OLEDTask) refers to store.o(i.Store_Save) for Store_Save
    main.o(i.OLEDTask) refers to event_groups.o(i.xEventGroupSetBits) for xEventGroupSetBits
    main.o(i.OLEDTask) refers to port.o(i.vPortExitCritical) for vPortExitCritical
    main.o(i.OLEDTask) refers to tasks.o(i.vTaskDelay) for vTaskDelay
    main.o(i.OLEDTask) refers to main.o(.data) for .data
    main.o(i.OLEDTask) refers to blood.o(.data) for g_blooddata
    main.o(i.OLEDTask) refers to store.o(.bss) for Store_Data
    main.o(i.main) refers to main.o(i.prvSetupHardware) for prvSetupHardware
    main.o(i.main) refers to printfa.o(i.__0printf) for __2printf
    main.o(i.main) refers to tasks.o(i.xTaskCreate) for xTaskCreate
    main.o(i.main) refers to tasks.o(i.vTaskStartScheduler) for vTaskStartScheduler
    main.o(i.main) refers to main.o(i.startTask) for startTask
    main.o(i.prvSetupHardware) refers to event_groups.o(i.xEventGroupCreate) for xEventGroupCreate
    main.o(i.prvSetupHardware) refers to event_groups.o(i.xEventGroupSetBits) for xEventGroupSetBits
    main.o(i.prvSetupHardware) refers to misc.o(i.NVIC_PriorityGroupConfig) for NVIC_PriorityGroupConfig
    main.o(i.prvSetupHardware) refers to delay.o(i.delay_init) for delay_init
    main.o(i.prvSetupHardware) refers to usart.o(i.uart_init) for uart_init
    main.o(i.prvSetupHardware) refers to i2c.o(i.I2C_UserConfig) for I2C_UserConfig
    main.o(i.prvSetupHardware) refers to store.o(i.Store_Init) for Store_Init
    main.o(i.prvSetupHardware) refers to oled12832.o(i.oled_Write_Off) for oled_Write_Off
    main.o(i.prvSetupHardware) refers to oled12832.o(i.oled_Init) for oled_Init
    main.o(i.prvSetupHardware) refers to oled12832.o(i.oled_Clear) for oled_Clear
    main.o(i.prvSetupHardware) refers to oled12832.o(i.oled_Write_On) for oled_Write_On
    main.o(i.prvSetupHardware) refers to oled12832.o(i.Boot_Animation) for Boot_Animation
    main.o(i.prvSetupHardware) refers to max30102.o(i.MAX30102_GPIO) for MAX30102_GPIO
    main.o(i.prvSetupHardware) refers to max30102.o(i.Max30102_reset) for Max30102_reset
    main.o(i.prvSetupHardware) refers to max30102.o(i.MAX30102_Config) for MAX30102_Config
    main.o(i.prvSetupHardware) refers to main.o(.data) for .data
    main.o(i.startTask) refers to port.o(i.vPortEnterCritical) for vPortEnterCritical
    main.o(i.startTask) refers to tasks.o(i.xTaskCreate) for xTaskCreate
    main.o(i.startTask) refers to tasks.o(i.vTaskDelete) for vTaskDelete
    main.o(i.startTask) refers to port.o(i.vPortExitCritical) for vPortExitCritical
    main.o(i.startTask) refers to main.o(.data) for .data
    main.o(i.startTask) refers to main.o(i.MAX30102Task) for MAX30102Task
    main.o(i.startTask) refers to main.o(i.OLEDTask) for OLEDTask
    system_stm32f10x.o(i.SystemCoreClockUpdate) refers to system_stm32f10x.o(.data) for .data
    system_stm32f10x.o(i.SystemInit) refers to system_stm32f10x.o(i.SetSysClockTo72) for SetSysClockTo72
    delay.o(i.SysTick_Handler) refers to tasks.o(i.xTaskGetSchedulerState) for xTaskGetSchedulerState
    delay.o(i.SysTick_Handler) refers to port.o(i.xPortSysTickHandler) for xPortSysTickHandler
    delay.o(i.delay_init) refers to misc.o(i.SysTick_CLKSourceConfig) for SysTick_CLKSourceConfig
    delay.o(i.delay_init) refers to system_stm32f10x.o(.data) for SystemCoreClock
[...]
    .text                                    0x08000904   Section        0  uldiv.o(.text)
    .text                                    0x08000966   Section        0  llshl.o(.text)
    .text                                    0x08000984   Section        0  llushr.o(.text)
    .text                                    0x080009a4   Section        0  llsshr.o(.text)
    .text                                    0x080009c8   Section        0  iusefp.o(.text)
    .text                                    0x080009c8   Section        0  fepilogue.o(.text)
    .text                                    0x08000a36   Section        0  fsqrt.o(.text)
    .text                                    0x08000a94   Section        0  depilogue.o(.text)
    .text                                    0x08000b4e   Section        0  dfixul.o(.text)
    .text                                    0x08000b80   Section       36  init.o(.text)
    i.Boot_Animation                         0x08000ba4   Section        0  oled12832.o(i.Boot_Animation)
    i.BusFault_Handler                       0x08000c02   Section        0  stm32f10x_it.o(i.BusFault_Handler)
    i.DebugMon_Handler                       0x08000c04   Section        0  stm32f10x_it.o(i.DebugMon_Handler)
    i.EE                                     0x08000c06   Section        0  algorithm.o(i.EE)
    i.FFT                                    0x08000c50   Section        0  algorithm.o(i.FFT)
    i.FLASH_ErasePage                        0x08000da0   Section        0  stm32f10x_flash.o(i.FLASH_ErasePage)
    i.FLASH_GetBank1Status                   0x08000ddc   Section        0  stm32f10x_flash.o(i.FLASH_GetBank1Status)
    i.FLASH_Lock                             0x08000e04   Section        0  stm32f10x_flash.o(i.FLASH_Lock)
    i.FLASH_ProgramHalfWord                  0x08000e14   Section        0  stm32f10x_flash.o(i.FLASH_ProgramHalfWord)
    i.FLASH_Unlock                           0x08000e48   Section        0  stm32f10x_flash.o(i.FLASH_Unlock)
    i.FLASH_WaitForLastOperation             0x08000e60   Section        0  stm32f10x_flash.o(i.FLASH_WaitForLastOperation)
    i.GPIO_Init                              0x08000e84   Section        0  stm32f10x_gpio.o(i.GPIO_Init)
    i.GPIO_ReadInputDataBit                  0x08000f26   Section        0  stm32f10x_gpio.o(i.GPIO_ReadInputDataBit)
    i.GPIO_ResetBits                         0x08000f34   Section        0  stm32f10x_gpio.o(i.GPIO_ResetBits)
    i.GPIO_SetBits                           0x08000f38   Section        0  stm32f10x_gpio.o(i.GPIO_SetBits)
    i.HardFault_Handler                      0x08000f3c   Section        0  stm32f10x_it.o(i.HardFault_Handler)
    i.I2C_Read_Array                         0x08000f40   Section        0  i2c.o(i.I2C_Read_Array)
    i.I2C_Read_Byte                          0x08000fa4   Section        0  i2c.o(i.I2C_Read_Byte)
    i.I2C_Read_Data                          0x08000fe8   Section        0  i2c.o(i.I2C_Read_Data)
    i.I2C_SDA_Mode                           0x08001030   Section        0  i2c.o(i.I2C_SDA_Mode)
    i.I2C_Send_Byte                          0x0800105c   Section        0  i2c.o(i.I2C_Send_Byte)
    i.I2C_Sende_Ack                          0x080010b4   Section        0  i2c.o(i.I2C_Sende_Ack)
    i.I2C_Start                              0x080010f4   Section        0  i2c.o(i.I2C_Start)
    i.I2C_Stop                               0x08001130   Section        0  i2c.o(i.I2C_Stop)
    i.I2C_UserConfig                         0x08001164   Section        0  i2c.o(i.I2C_UserConfig)
    i.I2C_Write_Byte                         0x08001190   Section        0  i2c.o(i.I2C_Write_Byte)
    i.I2C_Writr_Ack                          0x080011c4   Section        0  i2c.o(i.I2C_Writr_Ack)
    i.MAX30102Task                           0x0800120c   Section        0  main.o(i.MAX30102Task)
    i.MAX30102_Config                        0x08001284   Section        0  max30102.o(i.MAX30102_Config)
    i.MAX30102_GPIO                          0x080012f8   Section        0  max30102.o(i.MAX30102_GPIO)
    i.Max30102_reset                         0x0800131c   Section        0  max30102.o(i.Max30102_reset)
    i.MemManage_Handler                      0x08001330   Section        0  stm32f10x_it.o(i.MemManage_Handler)
    i.MyFLASH_ErasePage                      0x08001332   Section        0  myflash.o(i.MyFLASH_ErasePage)
    i.MyFLASH_ProgramHalfWord                0x08001348   Section        0  myflash.o(i.MyFLASH_ProgramHalfWord)
    i.MyFLASH_ReadHalfWord                   0x08001362   Section        0  myflash.o(i.MyFLASH_ReadHalfWord)
    i.NMI_Handler                            0x08001366   Section        0  stm32f10x_it.o(i.NMI_Handler)
    i.NVIC_Init                              0x08001368   Section        0  misc.o(i.NVIC_Init)
    i.NVIC_PriorityGroupConfig               0x080013cc   Section        0  misc.o(i.NVIC_PriorityGroupConfig)
    i.OLEDTask                               0x080013e0   Section        0  main.o(i.OLEDTask)
    i.RCC_APB2PeriphClockCmd                 0x08001504   Section        0  stm32f10x_rcc.o(i.RCC_APB2PeriphClockCmd)
    i.RCC_GetClocksFreq                      0x0800151c   Section        0  stm32f10x_rcc.o(i.RCC_GetClocksFreq)
    i.SetSysClockTo72                        0x080015ac   Section        0  system_stm32f10x.o(i.SetSysClockTo72)
    SetSysClockTo72                          0x080015ad   Thumb Code   160  system_stm32f10x.o(i.SetSysClockTo72)
    i.Store_Init                             0x08001654   Section        0  store.o(i.Store_Init)
    i.Store_Save                             0x080016b4   Section        0  store.o(i.Store_Save)
    i.SysTick_CLKSourceConfig                0x080016e8   Section        0  misc.o(i.SysTick_CLKSourceConfig)
    i.SysTick_Handler                        0x08001700   Section        0  delay.o(i.SysTick_Handler)
    i.SystemInit                             0x08001714   Section        0  system_stm32f10x.o(i.SystemInit)
    i.USART1_IRQHandler                      0x08001764   Section        0  usart.o(i.USART1_IRQHandler)
    i.USART_Cmd                              0x080017c8   Section        0  stm32f10x_usart.o(i.USART_Cmd)
    i.USART_GetITStatus                      0x080017dc   Section        0  stm32f10x_usart.o(i.USART_GetITStatus)
    i.USART_ITConfig                         0x0800181a   Section        0  stm32f10x_usart.o(i.USART_ITConfig)
    i.USART_Init                             0x0800184c   Section        0  stm32f10x_usart.o(i.USART_Init)
    i.USART_ReceiveData                      0x080018f8   Section        0  stm32f10x_usart.o(i.USART_ReceiveData)
    i.UsageFault_Handler                     0x08001900   Section        0  stm32f10x_it.o(i.UsageFault_Handler)
    i.XCos                                   0x08001904   Section        0  algorithm.o(i.XCos)
    i.XSin                                   0x08001920   Section        0  algorithm.o(i.XSin)
    i.__0printf                              0x08001ad0   Section        0  printfa.o(i.__0printf)
    i.__0sprintf                             0x08001af0   Section        0  printfa.o(i.__0sprintf)
    i.__scatterload_copy                     0x08001b18   Section       14  handlers.o(i.__scatterload_copy)
    i.__scatterload_null                     0x08001b26   Section        2  handlers.o(i.__scatterload_null)
    i.__scatterload_zeroinit                 0x08001b28   Section       14  handlers.o(i.__scatterload_zeroinit)
    i.__set_errno                            0x08001b38   Section        0  errno.o(i.__set_errno)
    i._fp_digits                             0x08001b44   Section        0  printfa.o(i._fp_digits)
    _fp_digits                               0x08001b45   Thumb Code   366  printfa.o(i._fp_digits)
    i._printf_core                           0x08001cc8   Section        0  printfa.o(i._printf_core)
    _printf_core                             0x08001cc9   Thumb Code  1744  printfa.o(i._printf_core)
    i._printf_post_padding                   0x080023a4   Section        0  printfa.o(i._printf_post_padding)
    _printf_post_padding                     0x080023a5   Thumb Code    36  printfa.o(i._printf_post_padding)
    i._printf_pre_padding                    0x080023c8   Section        0  printfa.o(i._printf_pre_padding)
    _printf_pre_padding                      0x080023c9   Thumb Code    46  printfa.o(i._printf_pre_padding)
    i._sputc                                 0x080023f6   Section        0  printfa.o(i._sputc)
    _sputc                                   0x080023f7   Thumb Code    10  printfa.o(i._sputc)
    i.blood_Loop                             0x08002400   Section        0  blood.o(i.blood_Loop)
    i.blood_data_translate                   0x08002480   Section        0  blood.o(i.blood_data_translate)
    i.blood_data_update                      0x08002754   Section        0  blood.o(i.blood_data_update)
    i.delay_init                             0x080027d0   Section        0  delay.o(i.delay_init)
    i.delay_ms                               0x08002818   Section        0  delay.o(i.delay_ms)
    i.delay_us                               0x08002850   Section        0  delay.o(i.delay_us)
    i.delay_xms                              0x08002884   Section        0  delay.o(i.delay_xms)
    i.find_max_num_index                     0x080028a0   Section        0  algorithm.o(i.find_max_num_index)
    i.fputc                                  0x080028d4   Section        0  usart.o(i.fputc)
    i.i2c_Delay                              0x080028ec   Section        0  i2c.o(i.i2c_Delay)
    i2c_Delay                                0x080028ed   Thumb Code    10  i2c.o(i.i2c_Delay)
    i.main                                   0x080028f8   Section        0  main.o(i.main)
    i.max30102_read_fifo                     0x08002944   Section        0  max30102.o(i.max30102_read_fifo)
    i.my_floor                               0x080029d0   Section        0  algorithm.o(i.my_floor)
    i.my_fmod                                0x080029f0   Section        0  algorithm.o(i.my_fmod)
    i.oled_Clear                             0x08002a78   Section        0  oled12832.o(i.oled_Clear)
    i.oled_Display8x16                       0x08002aac   Section        0  oled12832.o(i.oled_Display8x16)
    i.oled_Display_8x16_Buffer               0x08002b18   Section        0  oled12832.o(i.oled_Display_8x16_Buffer)
    i.oled_Init                              0x08002b3a   Section        0  oled12832.o(i.oled_Init)
    i.oled_WriteCmd                          0x08002bf4   Section        0  oled12832.o(i.oled_WriteCmd)
    i.oled_WriteData                         0x08002c22   Section        0  oled12832.o(i.oled_WriteData)
    i.oled_Write_Off                         0x08002c50   Section        0  oled12832.o(i.oled_Write_Off)
    i.oled_Write_On                          0x08002c68   Section        0  oled12832.o(i.oled_Write_On)
    i.prvAddCurrentTaskToDelayedList         0x08002c80   Section        0  tasks.o(i.prvAddCurrentTaskToDelayedList)
    prvAddCurrentTaskToDelayedList           0x08002c81   Thumb Code   128  tasks.o(i.prvAddCurrentTaskToDelayedList)
    i.prvAddNewTaskToReadyList               0x08002d08   Section        0  tasks.o(i.prvAddNewTaskToReadyList)
    prvAddNewTaskToReadyList                 0x08002d09   Thumb Code   224  tasks.o(i.prvAddNewTaskToReadyList)
    i.prvCheckForValidListAndQueue           0x08002df8   Section        0  timers.o(i.prvCheckForValidListAndQueue)
    prvCheckForValidListAndQueue             0x08002df9   Thumb Code    62  timers.o(i.prvCheckForValidListAndQueue)
    i.prvCopyDataFromQueue                   0x08002e48   Section        0  queue.o(i.prvCopyDataFromQueue)
    prvCopyDataFromQueue                     0x08002e49   Thumb Code    38  queue.o(i.prvCopyDataFromQueue)
    i.prvCopyDataToQueue                     0x08002e6e   Section        0  queue.o(i.prvCopyDataToQueue)
    prvCopyDataToQueue                       0x08002e6f   Thumb Code   108  queue.o(i.prvCopyDataToQueue)
    i.prvDeleteTCB                           0x08002eda   Section        0  tasks.o(i.prvDeleteTCB)
    prvDeleteTCB                             0x08002edb   Thumb Code    20  tasks.o(i.prvDeleteTCB)
    i.prvHeapInit                            0x08002ef0   Section        0  heap_4.o(i.prvHeapInit)
    prvHeapInit                              0x08002ef1   Thumb Code    66  heap_4.o(i.prvHeapInit)
    i.prvIdleTask                            0x08002f3c   Section        0  tasks.o(i.prvIdleTask)
    prvIdleTask                              0x08002f3d   Thumb Code    82  tasks.o(i.prvIdleTask)
    i.prvInitialiseNewTask                   0x08002f9c   Section        0  tasks.o(i.prvInitialiseNewTask)
    prvInitialiseNewTask                     0x08002f9d   Thumb Code   176  tasks.o(i.prvInitialiseNewTask)
    i.prvInsertBlockIntoFreeList             0x08003070   Section        0  heap_4.o(i.prvInsertBlockIntoFreeList)
    prvInsertBlockIntoFreeList               0x08003071   Thumb Code    72  heap_4.o(i.prvInsertBlockIntoFreeList)
    i.prvInsertTimerInActiveList             0x080030bc   Section        0  timers.o(i.prvInsertTimerInActiveList)
    prvInsertTimerInActiveList               0x080030bd   Thumb Code    52  timers.o(i.prvInsertTimerInActiveList)
    i.prvIsQueueEmpty                        0x080030f4   Section        0  queue.o(i.prvIsQueueEmpty)
    prvIsQueueEmpty                          0x080030f5   Thumb Code    28  queue.o(i.prvIsQueueEmpty)
    i.prvNotifyQueueSetContainer             0x08003110   Section        0  queue.o(i.prvNotifyQueueSetContainer)
    prvNotifyQueueSetContainer               0x08003111   Thumb Code   116  queue.o(i.prvNotifyQueueSetContainer)
    i.prvProcessExpiredTimer                 0x080031a8   Section        0  timers.o(i.prvProcessExpiredTimer)
    prvProcessExpiredTimer                   0x080031a9   Thumb Code    58  timers.o(i.prvProcessExpiredTimer)
    i.prvProcessReceivedCommands             0x080031e8   Section        0  timers.o(i.prvProcessReceivedCommands)
    prvProcessReceivedCommands               0x080031e9   Thumb Code   238  timers.o(i.prvProcessReceivedCommands)
    i.prvProcessTimerOrBlockTask             0x08003304   Section        0  timers.o(i.prvProcessTimerOrBlockTask)
    prvProcessTimerOrBlockTask               0x08003305   Thumb Code    98  timers.o(i.prvProcessTimerOrBlockTask)
    i.prvReloadTimer                         0x08003370   Section        0  timers.o(i.prvReloadTimer)
    prvReloadTimer                           0x08003371   Thumb Code    40  timers.o(i.prvReloadTimer)
    i.prvResetNextTaskUnblockTime            0x08003398   Section        0  tasks.o(i.prvResetNextTaskUnblockTime)
    prvResetNextTaskUnblockTime              0x08003399   Thumb Code    24  tasks.o(i.prvResetNextTaskUnblockTime)
    i.prvSampleTimeNow                       0x080033b4   Section        0  timers.o(i.prvSampleTimeNow)
    prvSampleTimeNow                         0x080033b5   Thumb Code    66  timers.o(i.prvSampleTimeNow)
    i.prvSetupHardware                       0x080033fc   Section        0  main.o(i.prvSetupHardware)
    i.prvTaskExitError                       0x08003450   Section        0  port.o(i.prvTaskExitError)
    prvTaskExitError                         0x08003451   Thumb Code    34  port.o(i.prvTaskExitError)
    i.prvTestWaitCondition                   0x080034b4   Section        0  event_groups.o(i.prvTestWaitCondition)
    prvTestWaitCondition                     0x080034b5   Thumb Code    20  event_groups.o(i.prvTestWaitCondition)
    i.prvTimerTask                           0x080034c8   Section        0  timers.o(i.prvTimerTask)
    prvTimerTask                             0x080034c9   Thumb Code    32  timers.o(i.prvTimerTask)
    i.prvUnlockQueue                         0x080034ec   Section        0  queue.o(i.prvUnlockQueue)
    prvUnlockQueue                           0x080034ed   Thumb Code   118  queue.o(i.prvUnlockQueue)
    i.pvPortMalloc                           0x08003564   Section        0  heap_4.o(i.pvPortMalloc)
    i.pxPortInitialiseStack                  0x08003688   Section        0  port.o(i.pxPortInitialiseStack)
    i.sqrtf                                  0x080036ac   Section        0  sqrtf.o(i.sqrtf)
    i.startTask                              0x080036d8   Section        0  main.o(i.startTask)
    i.uart_init                              0x08003740   Section        0  usart.o(i.uart_init)
    i.uxListRemove                           0x080037e0   Section        0  list.o(i.uxListRemove)
    i.uxTaskResetEventItemValue              0x08003808   Section        0  tasks.o(i.uxTaskResetEventItemValue)
    i.vListInitialise                        0x08003820   Section        0  list.o(i.vListInitialise)
    i.vListInitialiseItem                    0x08003836   Section        0  list.o(i.vListInitialiseItem)
    i.vListInsert                            0x0800383c   Section        0  list.o(i.vListInsert)
    i.vListInsertEnd                         0x0800386c   Section        0  list.o(i.vListInsertEnd)
    i.vPortEnterCritical                     0x08003884   Section        0  port.o(i.vPortEnterCritical)
    i.vPortExitCritical                      0x080038fc   Section        0  port.o(i.vPortExitCritical)
    i.vPortFree                              0x08003960   Section        0  heap_4.o(i.vPortFree)
    i.vPortSetupTimerInterrupt               0x08003a00   Section        0  port.o(i.vPortSetupTimerInterrupt)
    i.vQueueAddToRegistry                    0x08003a24   Section        0  queue.o(i.vQueueAddToRegistry)
    i.vQueueWaitForMessageRestricted         0x08003a98   Section        0  queue.o(i.vQueueWaitForMessageRestricted)
    i.vTaskDelay                             0x08003adc   Section        0  tasks.o(i.vTaskDelay)
    i.vTaskDelete                            0x08003b48   Section        0  tasks.o(i.vTaskDelete)
    i.vTaskInternalSetTimeOutState           0x08003c14   Section        0  tasks.o(i.vTaskInternalSetTimeOutState)
    i.vTaskMissedYield                       0x08003c24   Section        0  tasks.o(i.vTaskMissedYield)
    i.vTaskPlaceOnEventList                  0x08003c30   Section        0  tasks.o(i.vTaskPlaceOnEventList)
    i.vTaskPlaceOnEventListRestricted        0x08003c84   Section        0  tasks.o(i.vTaskPlaceOnEventListRestricted)
    i.vTaskPlaceOnUnorderedEventList         0x08003cfc   Section        0  tasks.o(i.vTaskPlaceOnUnorderedEventList)
    i.vTaskRemoveFromUnorderedEventList      0x08003d88   Section        0  tasks.o(i.vTaskRemoveFromUnorderedEventList)
    i.vTaskStartScheduler                    0x08003e70   Section        0  tasks.o(i.vTaskStartScheduler)
    i.vTaskSuspendAll                        0x08003f00   Section        0  tasks.o(i.vTaskSuspendAll)
    i.vTaskSwitchContext                     0x08003f10   Section        0  tasks.o(i.vTaskSwitchContext)
    i.xEventGroupCreate                      0x08003f8c   Section        0  event_groups.o(i.xEventGroupCreate)
    i.xEventGroupSetBits                     0x08003fa8   Section        0  event_groups.o(i.xEventGroupSetBits)
    i.xEventGroupWaitBits                    0x08004058   Section        0  event_groups.o(i.xEventGroupWaitBits)
    i.xPortStartScheduler                    0x0800417c   Section        0  port.o(i.xPortStartScheduler)
    i.xPortSysTickHandler                    0x0800426c   Section        0  port.o(i.xPortSysTickHandler)
    i.xQueueGenericCreate                    0x08004298   Section        0  queue.o(i.xQueueGenericCreate)
    i.xQueueGenericReset                     0x08004320   Section        0  queue.o(i.xQueueGenericReset)
    i.xQueueReceive                          0x080043f0   Section        0  queue.o(i.xQueueReceive)
    i.xTaskCheckForTimeOut                   0x08004540   Section        0  tasks.o(i.xTaskCheckForTimeOut)
    i.xTaskCreate                            0x080045d8   Section        0  tasks.o(i.xTaskCreate)
    i.xTaskGetSchedulerState                 0x08004630   Section        0  tasks.o(i.xTaskGetSchedulerState)
    i.xTaskGetTickCount                      0x0800464c   Section        0  tasks.o(i.xTaskGetTickCount)
    i.xTaskIncrementTick                     0x08004658   Section        0  tasks.o(i.xTaskIncrementTick)
    i.xTaskPriorityDisinherit                0x080047b0   Section        0  tasks.o(i.xTaskPriorityDisinherit)
    i.xTaskRemoveFromEventList               0x08004884   Section        0  tasks.o(i.xTaskRemoveFromEventList)
    i.xTaskResumeAll                         0x08004980   Section        0  tasks.o(i.xTaskResumeAll)
    i.xTimerCreateTimerTask                  0x08004ad0   Section        0  timers.o(i.xTimerCreateTimerTask)
    .constdata                               0x08004b48   Section      808  algorithm.o(.constdata)
    XSinTbl                                  0x08004b48   Data         808  algorithm.o(.constdata)
    .constdata                               0x08004e70   Section     1536  oled12832.o(.constdata)
    .data                                    0x20000000   Section       32  main.o(.data)
    .data                                    0x20000020   Section       20  system_stm32f10x.o(.data)
    .data                                    0x20000034   Section        4  delay.o(.data)
    fac_us                                   0x20000034   Data           1  delay.o(.data)
    fac_ms                                   0x20000036   Data           2  delay.o(.data)
    .data                                    0x20000038   Section        2  usart.o(.data)
    .data                                    0x2000003c   Section        4  usart.o(.data)
    .data                                    0x20000040   Section       20  stm32f10x_rcc.o(.data)
    ADCPrescTable                            0x20000040   Data           4  stm32f10x_rcc.o(.data)
    APBAHBPrescTable                         0x20000044   Data          16  stm32f10x_rcc.o(.data)
    .data                                    0x20000054   Section       64  tasks.o(.data)
    uxDeletedTasksWaitingCleanUp             0x20000058   Data           4  tasks.o(.data)
    uxCurrentNumberOfTasks                   0x2000005c   Data           4  tasks.o(.data)
    xTickCount                               0x20000060   Data           4  tasks.o(.data)
    uxTopReadyPriority                       0x20000064   Data           4  tasks.o(.data)
    xSchedulerRunning                        0x20000068   Data           4  tasks.o(.data)
    xPendedTicks                             0x2000006c   Data           4  tasks.o(.data)
    xYieldPending                            0x20000070   Data           4  tasks.o(.data)
    xNumOfOverflows                          0x20000074   Data           4  tasks.o(.data)
    uxTaskNumber                             0x20000078   Data           4  tasks.o(.data)
    xNextTaskUnblockTime                     0x2000007c   Data           4  tasks.o(.data)
    xIdleTaskHandle                          0x20000080   Data           4  tasks.o(.data)
    uxSchedulerSuspended                     0x20000088   Data           4  tasks.o(.data)
    pxDelayedTaskList                        0x2000008c   Data           4  tasks.o(.data)
    pxOverflowDelayedTaskList                0x20000090   Data           4  tasks.o(.data)
    .data                                    0x20000094   Section       20  timers.o(.data)
    xTimerQueue                              0x20000094   Data           4  timers.o(.data)
    xTimerTaskHandle                         0x20000098   Data           4  timers.o(.data)
    xLastTime                                0x2000009c   Data           4  timers.o(.data)
    pxCurrentTimerList                       0x200000a0   Data           4  timers.o(.data)
    pxOverflowTimerList                      0x200000a4   Data           4  timers.o(.data)
    .data                                    0x200000a8   Section       12  port.o(.data)
    ucMaxSysCallPriority                     0x200000a8   Data           1  port.o(.data)
    uxCriticalNesting                        0x200000ac   Data           4  port.o(.data)
    ulMaxPRIGROUPValue                       0x200000b0   Data           4  port.o(.data)
    .data                                    0x200000b4   Section       32  heap_4.o(.data)
    pxEnd                                    0x200000b4   Data           4  heap_4.o(.data)
    xFreeBytesRemaining                      0x200000b8   Data           4  heap_4.o(.data)
    xMinimumEverFreeBytesRemaining           0x200000bc   Data           4  heap_4.o(.data)
    xNumberOfSuccessfulAllocations           0x200000c0   Data           4  heap_4.o(.data)
    xNumberOfSuccessfulFrees                 0x200000c4   Data           4  heap_4.o(.data)
    xBlockAllocatedBit                       0x200000c8   Data           4  heap_4.o(.data)
    xStart                                   0x200000cc   Data           8  heap_4.o(.data)
    .data                                    0x200000d4   Section       12  blood.o(.data)
    .data                                    0x200000e0   Section        4  max30102.o(.data)
    .data                                    0x200000e4   Section        4  errno.o(.data)
    _errno                                   0x200000e4   Data           4  errno.o(.data)
    .bss                                     0x200000e8   Section      200  usart.o(.bss)
    .bss                                     0x200001b0   Section     1024  store.o(.bss)
    .bss                                     0x200005b0   Section       64  queue.o(.bss)
    .bss                                     0x200005f0   Section      740  tasks.o(.bss)
    pxReadyTasksLists                        0x200005f0   Data         640  tasks.o(.bss)
    xDelayedTaskList1                        0x20000870   Data          20  tasks.o(.bss)
    xDelayedTaskList2                        0x20000884   Data          20  tasks.o(.bss)
    xPendingReadyList                        0x20000898   Data          20  tasks.o(.bss)
    xTasksWaitingTermination                 0x200008ac   Data          20  tasks.o(.bss)
    xSuspendedTaskList                       0x200008c0   Data          20  tasks.o(.bss)
    .bss                                     0x200008d4   Section       40  timers.o(.bss)
    xActiveTimerList1                        0x200008d4   Data          20  timers.o(.bss)
    xActiveTimerList2                        0x200008e8   Data          20  timers.o(.bss)
    .bss                                     0x200008fc   Section     8192  heap_4.o(.bss)
    ucHeap                                   0x200008fc   Data        8192  heap_4.o(.bss)
    .bss                                     0x200028fc   Section     8448  blood.o(.bss)
    STACK                                    0x20004a00   Section     1024  startup_stm32f10x_hd.o(STACK)

    Global Symbols

    Symbol Name                              Value     Ov Type        Size  Object(Section)

    BuildAttributes$$THM_ISAv4$P$D$K$B$S$PE$A:L22UL41UL21$X:L11$S22US41US21$IEEE1$IW$USESV6$~STKCKD$USESV7$~SHL$OTIME$ROPI$IEEEJ$EBA8$MICROLIB$REQ8$PRES8$EABIv2 0x00000000   Number         0  anon$$obj.o ABSOLUTE
    __ARM_use_no_argv                        0x00000000   Number         0  main.o ABSOLUTE
    __use_no_errno                           0x00000000   Number         0  useno.o ABSOLUTE
    __use_no_exception_handling              0x00000000   Number         0  useno.o ABSOLUTE
    __use_no_fp                              0x00000000   Number         0  useno.o ABSOLUTE
    __use_no_heap                            0x00000000   Number         0  useno.o ABSOLUTE
    __use_no_heap_region                     0x00000000   Number         0  useno.o ABSOLUTE
    __use_no_semihosting                     0x00000000   Number         0  useno.o ABSOLUTE
    __use_no_semihosting_swi                 0x00000000   Number         0  useno.o ABSOLUTE
    __use_no_signal_handling                 0x00000000   Number         0  useno.o ABSOLUTE
    _printf_a                                0x00000000   Number         0  stubs.o ABSOLUTE
    _printf_c                                0x00000000   Number         0  stubs.o ABSOLUTE
    _printf_charcount                        0x00000000   Number         0  stubs.o ABSOLUTE
    _printf_d                                0x00000000   Number         0  stubs.o ABSOLUTE
    _printf_e                                0x00000000   Number         0  stubs.o ABSOLUTE
    _printf_f                                0x00000000   Number         0  stubs.o ABSOLUTE
    _printf_flags                            0x00000000   Number         0  stubs.o ABSOLUTE
    _printf_fp_dec                           0x00000000   Number         0  stubs.o ABSOLUTE
    _printf_fp_hex                           0x00000000   Number         0  stubs.o ABSOLUTE
    _printf_g                                0x00000000   Number         0  stubs.o ABSOLUTE
    _printf_i                                0x00000000   Number         0  stubs.o ABSOLUTE
    _printf_int_dec                          0x00000000   Number         0  stubs.o ABSOLUTE
    _printf_l                                0x00000000   Number         0  stubs.o ABSOLUTE
    _printf_lc                               0x00000000   Number         0  stubs.o ABSOLUTE
    _printf_ll                               0x00000000   Number         0  stubs.o ABSOLUTE
    _printf_lld                              0x00000000   Number         0  stubs.o ABSOLUTE
    _printf_lli                              0x00000000   Number         0  stubs.o ABSOLUTE
    _printf_llo                              0x00000000   Number         0  stubs.o ABSOLUTE
    _printf_llu                              0x00000000   Number         0  stubs.o ABSOLUTE
    _printf_llx                              0x00000000   Number         0  stubs.o ABSOLUTE
    _printf_longlong_dec                     0x00000000   Number         0  stubs.o ABSOLUTE
    _printf_longlong_hex                     0x00000000   Number         0  stubs.o ABSOLUTE
    _printf_longlong_oct                     0x00000000   Number         0  stubs.o ABSOLUTE
    _printf_ls                               0x00000000   Number         0  stubs.o ABSOLUTE
    _printf_mbtowc                           0x00000000   Number         0  stubs.o ABSOLUTE
    _printf_n                                0x00000000   Number         0  stubs.o ABSOLUTE
    _printf_o                                0x00000000   Number         0  stubs.o ABSOLUTE
    _printf_p                                0x00000000   Number         0  stubs.o ABSOLUTE
    _printf_percent                          0x00000000   Number         0  stubs.o ABSOLUTE
    _printf_pre_padding                      0x00000000   Number         0  stubs.o ABSOLUTE
    _printf_return_value                     0x00000000   Number         0  stubs.o ABSOLUTE
    _printf_s                                0x00000000   Number         0  stubs.o ABSOLUTE
    _printf_sizespec                         0x00000000   Number         0  stubs.o ABSOLUTE
    _printf_str                              0x00000000   Number         0  stubs.o ABSOLUTE
    _printf_truncate_signed                  0x00000000   Number         0  stubs.o ABSOLUTE
    _printf_truncate_unsigned                0x00000000   Number         0  stubs.o ABSOLUTE
    _printf_u                                0x00000000   Number         0  stubs.o ABSOLUTE
    _printf_wc                               0x00000000   Number         0  stubs.o ABSOLUTE
    _printf_wctomb                           0x00000000   Number         0  stubs.o ABSOLUTE
    _printf_widthprec                        0x00000000   Number         0  stubs.o ABSOLUTE
    _printf_x                                0x00000000   Number         0  stubs.o ABSOLUTE
    __cpp_initialize__aeabi_                  - Undefined Weak Reference
    __cxa_finalize                            - Undefined Weak Reference
    __decompress                              - Undefined Weak Reference
    _clock_init                               - Undefined Weak Reference
    _microlib_exit                            - Undefined Weak Reference
    __Vectors_Size                           0x00000130   Number         0  startup_stm32f10x_hd.o ABSOLUTE
    __Vectors                                0x08000000   Data           4  startup_stm32f10x_hd.o(RESET)
    __Vectors_End                            0x08000130   Data           0  startup_stm32f10x_hd.o(RESET)
    __main                                   0x08000131   Thumb Code     0  entry.o(.ARM.Collect$$$$00000000)
    _main_stk                                0x08000131   Thumb Code     0  entry2.o(.ARM.Collect$$$$00000001)
    _main_scatterload                        0x08000135   Thumb Code     0  entry5.o(.ARM.Collect$$$$00000004)
    __main_after_scatterload                 0x08000139   Thumb Code     0  entry5.o(.ARM.Collect$$$$00000004)
    _main_clock                              0x08000139   Thumb Code     0  entry7b.o(.ARM.Collect$$$$00000008)
    _main_cpp_init                           0x08000139   Thumb Code     0  entry8b.o(.ARM.Collect$$$$0000000A)
    _main_init                               0x08000139   Thumb Code     0  entry9a.o(.ARM.Collect$$$$0000000B)
    __rt_final_cpp                           0x08000141   Thumb Code     0  entry10a.o(.ARM.Collect$$$$0000000D)
    __rt_final_exit                          0x08000141   Thumb Code     0  entry11a.o(.ARM.Collect$$$$0000000F)
    SVC_Handler                              0x08000145   Thumb Code    32  port.o(.emb_text)
    __asm___6_port_c_39a90d8d__prvStartFirstTask 0x08000169   Thumb Code    28  port.o(.emb_text)
    PendSV_Handler                           0x08000189   Thumb Code    72  port.o(.emb_text)
    vPortGetIPSR                             0x080001d5   Thumb Code     6  port.o(.emb_text)
    Reset_Handler                            0x080001dd   Thumb Code     8  startup_stm32f10x_hd.o(.text)
    ADC1_2_IRQHandler                        0x080001f7   Thumb Code     0  startup_stm32f10x_hd.o(.text)
    ADC3_IRQHandler                          0x080001f7   Thumb Code     0  startup_stm32f10x_hd.o(.text)
    CAN1_RX1_IRQHandler                      0x080001f7   Thumb Code     0  startup_stm32f10x_hd.o(.text)
    CAN1_SCE_IRQHandler                      0x080001f7   Thumb Code     0  startup_stm32f10x_hd.o(.text)
    DMA1_Channel1_IRQHandler                 0x080001f7   Thumb Code     0  startup_stm32f10x_hd.o(.text)
    DMA1_Channel2_IRQHandler                 0x080001f7   Thumb Code     0  startup_stm32f10x_hd.o(.text)
    DMA1_Channel3_IRQHandler                 0x080001f7   Thumb Code     0  startup_stm32f10x_hd.o(.text)
    DMA1_Channel4_IRQHandler                 0x080001f7   Thumb Code     0  startup_stm32f10x_hd.o(.text)
    DMA1_Channel5_IRQHandler                 0x080001f7   Thumb Code     0  startup_stm32f10x_hd.o(.text)
    DMA1_Channel6_IRQHandler                 0x080001f7   Thumb Code     0  startup_stm32f10x_hd.o(.text)
    DMA1_Channel7_IRQHandler                 0x080001f7   Thumb Code     0  startup_stm32f10x_hd.o(.text)
    DMA2_Channel1_IRQHandler                 0x080001f7   Thumb Code     0  startup_stm32f10x_hd.o(.text)
    DMA2_Channel2_IRQHandler                 0x080001f7   Thumb Code     0  startup_stm32f10x_hd.o(.text)
    DMA2_Channel3_IRQHandler                 0x080001f7   Thumb Code     0  startup_stm32f10x_hd.o(.text)
    DMA2_Channel4_5_IRQHandler               0x080001f7   Thumb Code     0  startup_stm32f10x_hd.o(.text)
    EXTI0_IRQHandler                         0x080001f7   Thumb Code     0  startup_stm32f10x_hd.o(.text)
    EXTI15_10_IRQHandler                     0x080001f7   Thumb Code     0  startup_stm32f10x_hd.o(.text)
    EXTI1_IRQHandler                         0x080001f7   Thumb Code     0  startup_stm32f10x_hd.o(.text)
    EXTI2_IRQHandler                         0x080001f7   Thumb Code     0  startup_stm32f10x_hd.o(.text)
    EXTI3_IRQHandler                         0x080001f7   Thumb Code     0  startup_stm32f10x_hd.o(.text)
    EXTI4_IRQHandler                         0x080001f7   Thumb Code     0  startup_stm32f10x_hd.o(.text)
    EXTI9_5_IRQHandler                       0x080001f7   Thumb Code     0  startup_stm32f10x_hd.o(.text)
    FLASH_IRQHandler                         0x080001f7   Thumb Code     0  startup_stm32f10x_hd.o(.text)
    FSMC_IRQHandler                          0x080001f7   Thumb Code     0  startup_stm32f10x_hd.o(.text)
    I2C1_ER_IRQHandler                       0x080001f7   Thumb Code     0  startup_stm32f10x_hd.o(.text)
    I2C1_EV_IRQHandler                       0x080001f7   Thumb Code     0  startup_stm32f10x_hd.o(.text)
    I2C2_ER_IRQHandler                       0x080001f7   Thumb Code     0  startup_stm32f10x_hd.o(.text)
    I2C2_EV_IRQHandler                       0x080001f7   Thumb Code     0  startup_stm32f10x_hd.o(.text)
    PVD_IRQHandler                           0x080001f7   Thumb Code     0  startup_stm32f10x_hd.o(.text)
    RCC_IRQHandler                           0x080001f7   Thumb Code     0  startup_stm32f10x_hd.o(.text)
    RTCAlarm_IRQHandler                      0x080001f7   Thumb Code     0  startup_stm32f10x_hd.o(.text)
    RTC_IRQHandler                           0x080001f7   Thumb Code     0  startup_stm32f10x_hd.o(.text)
    SDIO_IRQHandler                          0x080001f7   Thumb Code     0  startup_stm32f10x_hd.o(.text)
    SPI1_IRQHandler                          0x080001f7   Thumb Code     0  startup_stm32f10x_hd.o(.text)
    SPI2_IRQHandler                          0x080001f7   Thumb Code     0  startup_stm32f10x_hd.o(.text)
    SPI3_IRQHandler                          0x080001f7   Thumb Code     0  startup_stm32f10x_hd.o(.text)
    TAMPER_IRQHandler                        0x080001f7   Thumb Code     0  startup_stm32f10x_hd.o(.text)
    TIM1_BRK_IRQHandler                      0x080001f7   Thumb Code     0  startup_stm32f10x_hd.o(.text)
    TIM1_CC_IRQHandler                       0x080001f7   Thumb Code     0  startup_stm32f10x_hd.o(.text)
    TIM1_TRG_COM_IRQHandler                  0x080001f7   Thumb Code     0  startup_stm32f10x_hd.o(.text)
    TIM1_UP_IRQHandler                       0x080001f7   Thumb Code     0  startup_stm32f10x_hd.o(.text)
    TIM2_IRQHandler                          0x080001f7   Thumb Code     0  startup_stm32f10x_hd.o(.text)
    TIM3_IRQHandler                          0x080001f7   Thumb Code     0  startup_stm32f10x_hd.o(.text)
    TIM4_IRQHandler                          0x080001f7   Thumb Code     0  startup_stm32f10x_hd.o(.text)
    TIM5_IRQHandler                          0x080001f7   Thumb Code     0  startup_stm32f10x_hd.o(.text)
    TIM6_IRQHandler                          0x080001f7   Thumb Code     0  startup_stm32f10x_hd.o(.text)
    TIM7_IRQHandler                          0x080001f7   Thumb Code     0  startup_stm32f10x_hd.o(.text)
    TIM8_BRK_IRQHandler                      0x080001f7   Thumb Code     0  startup_stm32f10x_hd.o(.text)
    TIM8_CC_IRQHandler                       0x080001f7   Thumb Code     0  startup_stm32f10x_hd.o(.text)
    TIM8_TRG_COM_IRQHandler                  0x080001f7   Thumb Code     0  startup_stm32f10x_hd.o(.text)
    TIM8_UP_IRQHandler                       0x080001f7   Thumb Code     0  startup_stm32f10x_hd.o(.text)
    UART4_IRQHandler                         0x080001f7   Thumb Code     0  startup_stm32f10x_hd.o(.text)
    UART5_IRQHandler                         0x080001f7   Thumb Code     0  startup_stm32f10x_hd.o(.text)
    USART2_IRQHandler                        0x080001f7   Thumb Code     0  startup_stm32f10x_hd.o(.text)
    USART3_IRQHandler                        0x080001f7   Thumb Code     0  startup_stm32f10x_hd.o(.text)
    USBWakeUp_IRQHandler                     0x080001f7   Thumb Code     0  startup_stm32f10x_hd.o(.text)
    USB_HP_CAN1_TX_IRQHandler                0x080001f7   Thumb Code     0  startup_stm32f10x_hd.o(.text)
    USB_LP_CAN1_RX0_IRQHandler               0x080001f7   Thumb Code     0  startup_stm32f10x_hd.o(.text)
    WWDG_IRQHandler                          0x080001f7   Thumb Code     0  startup_stm32f10x_hd.o(.text)
    __aeabi_memcpy                           0x08000201   Thumb Code    36  memcpya.o(.text)
    __aeabi_memcpy4                          0x08000201   Thumb Code     0  memcpya.o(.text)
    __aeabi_memcpy8                          0x08000201   Thumb Code     0  memcpya.o(.text)
    __aeabi_memset                           0x08000225   Thumb Code    14  memseta.o(.text)
    __aeabi_memset4                          0x08000225   Thumb Code     0  memseta.o(.text)
    __aeabi_memset8                          0x08000225   Thumb Code     0  memseta.o(.text)
    __aeabi_memclr                           0x08000233   Thumb Code     4  memseta.o(.text)
    __aeabi_memclr4                          0x08000233   Thumb Code     0  memseta.o(.text)
    __aeabi_memclr8                          0x08000233   Thumb Code     0  memseta.o(.text)
    _memset$wrapper                          0x08000237   Thumb Code    18  memseta.o(.text)
    __aeabi_fadd                             0x08000249   Thumb Code   164  fadd.o(.text)
    __aeabi_fsub                             0x080002ed   Thumb Code     6  fadd.o(.text)
    __aeabi_frsub                            0x080002f3   Thumb Code     6  fadd.o(.text)
    __aeabi_fmul                             0x080002f9   Thumb Code   100  fmul.o(.text)
    __aeabi_fdiv                             0x0800035d   Thumb Code   124  fdiv.o(.text)
    __ARM_scalbnf                            0x080003d9   Thumb Code    24  fscalb.o(.text)
    scalbnf                                  0x080003d9   Thumb Code     0  fscalb.o(.text)
    __aeabi_dadd                             0x080003f1   Thumb Code   322  dadd.o(.text)
    __aeabi_dsub                             0x08000533   Thumb Code     6  dadd.o(.text)
    __aeabi_drsub                            0x08000539   Thumb Code     6  dadd.o(.text)
    __aeabi_dmul                             0x0800053f   Thumb Code   228  dmul.o(.text)
    __aeabi_ddiv                             0x08000623   Thumb Code   222  ddiv.o(.text)
    __ARM_scalbn                             0x08000701   Thumb Code    46  dscalb.o(.text)
    scalbn                                   0x08000701   Thumb Code     0  dscalb.o(.text)
    __aeabi_i2f                              0x0800072f   Thumb Code    18  fflti.o(.text)
    __aeabi_ui2f                             0x08000741   Thumb Code    10  ffltui.o(.text)
    __aeabi_i2d                              0x0800074b   Thumb Code    34  dflti.o(.text)
    __aeabi_f2iz                             0x0800076d   Thumb Code    50  ffixi.o(.text)
    __aeabi_f2uiz                            0x0800079f   Thumb Code    40  ffixui.o(.text)
    __aeabi_d2iz                             0x080007c7   Thumb Code    62  dfixi.o(.text)
    __aeabi_f2d                              0x08000805   Thumb Code    38  f2d.o(.text)
    __aeabi_cdcmpeq                          0x0800082d   Thumb Code     0  cdcmple.o(.text)
    __aeabi_cdcmple                          0x0800082d   Thumb Code    48  cdcmple.o(.text)
    __aeabi_cdrcmple                         0x0800085d   Thumb Code    48  cdrcmple.o(.text)
    __aeabi_d2f                              0x0800088d   Thumb Code    56  d2f.o(.text)
    __aeabi_cfcmpeq                          0x080008c5   Thumb Code     0  cfcmple.o(.text)
    __aeabi_cfcmple                          0x080008c5   Thumb Code    20  cfcmple.o(.text)
    __aeabi_uidiv                            0x080008d9   Thumb Code     0  uidiv.o(.text)
    __aeabi_uidivmod                         0x080008d9   Thumb Code    44  uidiv.o(.text)
    __aeabi_uldivmod                         0x08000905   Thumb Code    98  uldiv.o(.text)
    __aeabi_llsl                             0x08000967   Thumb Code    30  llshl.o(.text)
    _ll_shift_l                              0x08000967   Thumb Code     0  llshl.o(.text)
    __aeabi_llsr                             0x08000985   Thumb Code    32  llushr.o(.text)
    _ll_ushift_r                             0x08000985   Thumb Code     0  llushr.o(.text)
    __aeabi_lasr                             0x080009a5   Thumb Code    36  llsshr.o(.text)
    _ll_sshift_r                             0x080009a5   Thumb Code     0  llsshr.o(.text)
    __I$use$fp                               0x080009c9   Thumb Code     0  iusefp.o(.text)
    _float_round                             0x080009c9   Thumb Code    18  fepilogue.o(.text)
    _float_epilogue                          0x080009db   Thumb Code    92  fepilogue.o(.text)
    _fsqrt                                   0x08000a37   Thumb Code    94  fsqrt.o(.text)
    _double_round                            0x08000a95   Thumb Code    30  depilogue.o(.text)
    _double_epilogue                         0x08000ab3   Thumb Code   156  depilogue.o(.text)
    __aeabi_d2ulz                            0x08000b4f   Thumb Code    48  dfixul.o(.text)
    __scatterload                            0x08000b81   Thumb Code    28  init.o(.text)
    __scatterload_rt2                        0x08000b81   Thumb Code     0  init.o(.text)
    Boot_Animation                           0x08000ba5   Thumb Code    94  oled12832.o(i.Boot_Animation)
    BusFault_Handler                         0x08000c03   Thumb Code     2  stm32f10x_it.o(i.BusFault_Handler)
    DebugMon_Handler                         0x08000c05   Thumb Code     2  stm32f10x_it.o(i.DebugMon_Handler)
    EE                                       0x08000c07   Thumb Code    72  algorithm.o(i.EE)
    FFT                                      0x08000c51   Thumb Code   328  algorithm.o(i.FFT)
    FLASH_ErasePage                          0x08000da1   Thumb Code    56  stm32f10x_flash.o(i.FLASH_ErasePage)
    FLASH_GetBank1Status                     0x08000ddd   Thumb Code    34  stm32f10x_flash.o(i.FLASH_GetBank1Status)
    FLASH_Lock                               0x08000e05   Thumb Code    12  stm32f10x_flash.o(i.FLASH_Lock)
    FLASH_ProgramHalfWord                    0x08000e15   Thumb Code    48  stm32f10x_flash.o(i.FLASH_ProgramHalfWord)
    FLASH_Unlock                             0x08000e49   Thumb Code    12  stm32f10x_flash.o(i.FLASH_Unlock)
    FLASH_WaitForLastOperation               0x08000e61   Thumb Code    36  stm32f10x_flash.o(i.FLASH_WaitForLastOperation)
    GPIO_Init                                0x08000e85   Thumb Code   162  stm32f10x_gpio.o(i.GPIO_Init)
    GPIO_ReadInputDataBit                    0x08000f27   Thumb Code    14  stm32f10x_gpio.o(i.GPIO_ReadInputDataBit)
    GPIO_ResetBits                           0x08000f35   Thumb Code     4  stm32f10x_gpio.o(i.GPIO_ResetBits)
    GPIO_SetBits                             0x08000f39   Thumb Code     4  stm32f10x_gpio.o(i.GPIO_SetBits)
    HardFault_Handler                        0x08000f3d   Thumb Code     2  stm32f10x_it.o(i.HardFault_Handler)
    I2C_Read_Array                           0x08000f41   Thumb Code   100  i2c.o(i.I2C_Read_Array)
    I2C_Read_Byte                            0x08000fa5   Thumb Code    66  i2c.o(i.I2C_Read_Byte)
    I2C_Read_Data                            0x08000fe9   Thumb Code    68  i2c.o(i.I2C_Read_Data)
    I2C_SDA_Mode                             0x08001031   Thumb Code    38  i2c.o(i.I2C_SDA_Mode)
    I2C_Send_Byte                            0x0800105d   Thumb Code    84  i2c.o(i.I2C_Send_Byte)
    I2C_Sende_Ack                            0x080010b5   Thumb Code    58  i2c.o(i.I2C_Sende_Ack)
    I2C_Start                                0x080010f5   Thumb Code    54  i2c.o(i.I2C_Start)
    I2C_Stop                                 0x08001131   Thumb Code    46  i2c.o(i.I2C_Stop)
    I2C_UserConfig                           0x08001165   Thumb Code    38  i2c.o(i.I2C_UserConfig)
    I2C_Write_Byte                           0x08001191   Thumb Code    50  i2c.o(i.I2C_Write_Byte)
    I2C_Writr_Ack                            0x080011c5   Thumb Code    68  i2c.o(i.I2C_Writr_Ack)
    MAX30102Task                             0x0800120d   Thumb Code    82  main.o(i.MAX30102Task)
    MAX30102_Config                          0x08001285   Thumb Code   116  max30102.o(i.MAX30102_Config)
    MAX30102_GPIO                            0x080012f9   Thumb Code    32  max30102.o(i.MAX30102_GPIO)
    Max30102_reset                           0x0800131d   Thumb Code    20  max30102.o(i.Max30102_reset)
    MemManage_Handler                        0x08001331   Thumb Code     2  stm32f10x_it.o(i.MemManage_Handler)
    MyFLASH_ErasePage                        0x08001333   Thumb Code    22  myflash.o(i.MyFLASH_ErasePage)
    MyFLASH_ProgramHalfWord                  0x08001349   Thumb Code    26  myflash.o(i.MyFLASH_ProgramHalfWord)
    MyFLASH_ReadHalfWord                     0x08001363   Thumb Code     4  myflash.o(i.MyFLASH_ReadHalfWord)
    NMI_Handler                              0x08001367   Thumb Code     2  stm32f10x_it.o(i.NMI_Handler)
    NVIC_Init                                0x08001369   Thumb Code    94  misc.o(i.NVIC_Init)
    NVIC_PriorityGroupConfig                 0x080013cd   Thumb Code    10  misc.o(i.NVIC_PriorityGroupConfig)
    OLEDTask                                 0x080013e1   Thumb Code   216  main.o(i.OLEDTask)
    RCC_APB2PeriphClockCmd                   0x08001505   Thumb Code    18  stm32f10x_rcc.o(i.RCC_APB2PeriphClockCmd)
    RCC_GetClocksFreq                        0x0800151d   Thumb Code   128  stm32f10x_rcc.o(i.RCC_GetClocksFreq)
    Store_Init                               0x08001655   Thumb Code    88  store.o(i.Store_Init)
    Store_Save                               0x080016b5   Thumb Code    44  store.o(i.Store_Save)
    SysTick_CLKSourceConfig                  0x080016e9   Thumb Code    24  misc.o(i.SysTick_CLKSourceConfig)
    SysTick_Handler                          0x08001701   Thumb Code    20  delay.o(i.SysTick_Handler)
    SystemInit                               0x08001715   Thumb Code    64  system_stm32f10x.o(i.SystemInit)
    USART1_IRQHandler                        0x08001765   Thumb Code    88  usart.o(i.USART1_IRQHandler)
    USART_Cmd                                0x080017c9   Thumb Code    20  stm32f10x_usart.o(i.USART_Cmd)
    USART_GetITStatus                        0x080017dd   Thumb Code    62  stm32f10x_usart.o(i.USART_GetITStatus)
    USART_ITConfig                           0x0800181b   Thumb Code    48  stm32f10x_usart.o(i.USART_ITConfig)
    USART_Init                               0x0800184d   Thumb Code   166  stm32f10x_usart.o(i.USART_Init)
    USART_ReceiveData                        0x080018f9   Thumb Code     8  stm32f10x_usart.o(i.USART_ReceiveData)
    UsageFault_Handler                       0x08001901   Thumb Code     2  stm32f10x_it.o(i.UsageFault_Handler)
    XCos                                     0x08001905   Thumb Code    18  algorithm.o(i.XCos)
    XSin                                     0x08001921   Thumb Code   390  algorithm.o(i.XSin)
    __0printf                                0x08001ad1   Thumb Code    22  printfa.o(i.__0printf)
    __1printf                                0x08001ad1   Thumb Code     0  printfa.o(i.__0printf)
    __2printf                                0x08001ad1   Thumb Code     0  printfa.o(i.__0printf)
    __c89printf                              0x08001ad1   Thumb Code     0  printfa.o(i.__0printf)
    printf                                   0x08001ad1   Thumb Code     0  printfa.o(i.__0printf)
    __0sprintf                               0x08001af1   Thumb Code    34  printfa.o(i.__0sprintf)
    __1sprintf                               0x08001af1   Thumb Code     0  printfa.o(i.__0sprintf)
    __2sprintf                               0x08001af1   Thumb Code     0  printfa.o(i.__0sprintf)
    __c89sprintf                             0x08001af1   Thumb Code     0  printfa.o(i.__0sprintf)
    sprintf                                  0x08001af1   Thumb Code     0  printfa.o(i.__0sprintf)
    __scatterload_copy                       0x08001b19   Thumb Code    14  handlers.o(i.__scatterload_copy)
    __scatterload_null                       0x08001b27   Thumb Code     2  handlers.o(i.__scatterload_null)
    __scatterload_zeroinit                   0x08001b29   Thumb Code    14  handlers.o(i.__scatterload_zeroinit)
    __set_errno                              0x08001b39   Thumb Code     6  errno.o(i.__set_errno)
    blood_Loop                               0x08002401   Thumb Code    98  blood.o(i.blood_Loop)
    blood_data_translate                     0x08002481   Thumb Code   678  blood.o(i.blood_data_translate)
    blood_data_update                        0x08002755   Thumb Code   104  blood.o(i.blood_data_update)
    delay_init                               0x080027d1   Thumb Code    60  delay.o(i.delay_init)
    delay_ms                                 0x08002819   Thumb Code    52  delay.o(i.delay_ms)
    delay_us                                 0x08002851   Thumb Code    48  delay.o(i.delay_us)
    delay_xms                                0x08002885   Thumb Code    26  delay.o(i.delay_xms)
    find_max_num_index                       0x080028a1   Thumb Code    50  algorithm.o(i.find_max_num_index)
    fputc                                    0x080028d5   Thumb Code    18  usart.o(i.fputc)
    main                                     0x080028f9   Thumb Code    40  main.o(i.main)
    max30102_read_fifo                       0x08002945   Thumb Code   134  max30102.o(i.max30102_read_fifo)
    my_floor                                 0x080029d1   Thumb Code    32  algorithm.o(i.my_floor)
    my_fmod                                  0x080029f1   Thumb Code   136  algorithm.o(i.my_fmod)
    oled_Clear                               0x08002a79   Thumb Code    50  oled12832.o(i.oled_Clear)
    oled_Display8x16                         0x08002aad   Thumb Code   104  oled12832.o(i.oled_Display8x16)
    oled_Display_8x16_Buffer                 0x08002b19   Thumb Code    34  oled12832.o(i.oled_Display_8x16_Buffer)
    oled_Init                                0x08002b3b   Thumb Code   186  oled12832.o(i.oled_Init)
    oled_WriteCmd                            0x08002bf5   Thumb Code    46  oled12832.o(i.oled_WriteCmd)
    oled_WriteData                           0x08002c23   Thumb Code    46  oled12832.o(i.oled_WriteData)
    oled_Write_Off                           0x08002c51   Thumb Code    24  oled12832.o(i.oled_Write_Off)
    oled_Write_On                            0x08002c69   Thumb Code    24  oled12832.o(i.oled_Write_On)
    prvSetupHardware                         0x080033fd   Thumb Code    80  main.o(i.prvSetupHardware)
    pvPortMalloc                             0x08003565   Thumb Code   232  heap_4.o(i.pvPortMalloc)
    pxPortInitialiseStack                    0x08003689   Thumb Code    32  port.o(i.pxPortInitialiseStack)
    sqrtf                                    0x080036ad   Thumb Code    44  sqrtf.o(i.sqrtf)
    startTask                                0x080036d9   Thumb Code    62  main.o(i.startTask)
    uart_init                                0x08003741   Thumb Code   152  usart.o(i.uart_init)
    uxListRemove                             0x080037e1   Thumb Code    38  list.o(i.uxListRemove)
    uxTaskResetEventItemValue                0x08003809   Thumb Code    20  tasks.o(i.uxTaskResetEventItemValue)
    vListInitialise                          0x08003821   Thumb Code    22  list.o(i.vListInitialise)
    vListInitialiseItem                      0x08003837   Thumb Code     6  list.o(i.vListInitialiseItem)
    vListInsert                              0x0800383d   Thumb Code    48  list.o(i.vListInsert)
    vListInsertEnd                           0x0800386d   Thumb Code    24  list.o(i.vListInsertEnd)
    vPortEnterCritical                       0x08003885   Thumb Code    50  port.o(i.vPortEnterCritical)
    vPortExitCritical                        0x080038fd   Thumb Code    34  port.o(i.vPortExitCritical)
    vPortFree                                0x08003961   Thumb Code   100  heap_4.o(i.vPortFree)
    vPortSetupTimerInterrupt                 0x08003a01   Thumb Code    32  port.o(i.vPortSetupTimerInterrupt)
    vQueueAddToRegistry                      0x08003a25   Thumb Code    74  queue.o(i.vQueueAddToRegistry)
    vQueueWaitForMessageRestricted           0x08003a99   Thumb Code    68  queue.o(i.vQueueWaitForMessageRestricted)
    vTaskDelay                               0x08003add   Thumb Code    62  tasks.o(i.vTaskDelay)
    vTaskDelete                              0x08003b49   Thumb Code   152  tasks.o(i.vTaskDelete)
    vTaskInternalSetTimeOutState             0x08003c15   Thumb Code    12  tasks.o(i.vTaskInternalSetTimeOutState)
    vTaskMissedYield                         0x08003c25   Thumb Code     8  tasks.o(i.vTaskMissedYield)
    vTaskPlaceOnEventList                    0x08003c31   Thumb Code    44  tasks.o(i.vTaskPlaceOnEventList)
    vTaskPlaceOnEventListRestricted          0x08003c85   Thumb Code    78  tasks.o(i.vTaskPlaceOnEventListRestricted)
    vTaskPlaceOnUnorderedEventList           0x08003cfd   Thumb Code    98  tasks.o(i.vTaskPlaceOnUnorderedEventList)
    vTaskRemoveFromUnorderedEventList        0x08003d89   Thumb Code   188  tasks.o(i.vTaskRemoveFromUnorderedEventList)
    vTaskStartScheduler                      0x08003e71   Thumb Code    92  tasks.o(i.vTaskStartScheduler)
    vTaskSuspendAll                          0x08003f01   Thumb Code    10  tasks.o(i.vTaskSuspendAll)
    vTaskSwitchContext                       0x08003f11   Thumb Code    80  tasks.o(i.vTaskSwitchContext)
    xEventGroupCreate                        0x08003f8d   Thumb Code    26  event_groups.o(i.xEventGroupCreate)
    xEventGroupSetBits                       0x08003fa9   Thumb Code   132  event_groups.o(i.xEventGroupSetBits)
    xEventGroupWaitBits                      0x08004059   Thumb Code   242  event_groups.o(i.xEventGroupWaitBits)
    xPortStartScheduler                      0x0800417d   Thumb Code   168  port.o(i.xPortStartScheduler)
    xPortSysTickHandler                      0x0800426d   Thumb Code    38  port.o(i.xPortSysTickHandler)
    xQueueGenericCreate                      0x08004299   Thumb Code    98  queue.o(i.xQueueGenericCreate)
    xQueueGenericReset                       0x08004321   Thumb Code   166  queue.o(i.xQueueGenericReset)
    xQueueReceive                            0x080043f1   Thumb Code   296  queue.o(i.xQueueReceive)
    xTaskCheckForTimeOut                     0x08004541   Thumb Code   110  tasks.o(i.xTaskCheckForTimeOut)
    xTaskCreate                              0x080045d9   Thumb Code    86  tasks.o(i.xTaskCreate)
    xTaskGetSchedulerState                   0x08004631   Thumb Code    22  tasks.o(i.xTaskGetSchedulerState)
    xTaskGetTickCount                        0x0800464d   Thumb Code     6  tasks.o(i.xTaskGetTickCount)
    xTaskIncrementTick                       0x08004659   Thumb Code   300  tasks.o(i.xTaskIncrementTick)
    xTaskPriorityDisinherit                  0x080047b1   Thumb Code   166  tasks.o(i.xTaskPriorityDisinherit)
    xTaskRemoveFromEventList                 0x08004885   Thumb Code   204  tasks.o(i.xTaskRemoveFromEventList)
    xTaskResumeAll                           0x08004981   Thumb Code   282  tasks.o(i.xTaskResumeAll)
    xTimerCreateTimerTask                    0x08004ad1   Thumb Code    58  timers.o(i.xTimerCreateTimerTask)
    ASCII_8x16                               0x08004e70   Data        1536  oled12832.o(.constdata)
    Region$$Table$$Base                      0x08005470   Number         0  anon$$obj.o(Region$$Table)
    Region$$Table$$Limit                     0x08005490   Number         0  anon$$obj.o(Region$$Table)
    Max30102_Flag                            0x20000000   Data           1  main.o(.data)
    MAX30102TaskHandle                       0x20000004   Data           4  main.o(.data)
    OLEDTaskHandle                           0x20000008   Data           4  main.o(.data)
    EventGroupHandler                        0x2000000c   Data           4  main.o(.data)
    Data                                     0x20000010   Data          16  main.o(.data)
    SystemCoreClock                          0x20000020   Data           4  system_stm32f10x.o(.data)
    AHBPrescTable                            0x20000024   Data          16  system_stm32f10x.o(.data)
    USART_RX_STA                             0x20000038   Data           2  usart.o(.data)
    __stdout                                 0x2000003c   Data           4  usart.o(.data)
    pxCurrentTCB                             0x20000054   Data           4  tasks.o(.data)
    uxTopUsedPriority                        0x20000084   Data           4  tasks.o(.data)
    g_fft_index                              0x200000d4   Data           2  blood.o(.data)
    g_blooddata                              0x200000d8   Data           8  blood.o(.data)
    fifo_red                                 0x200000e0   Data           2  max30102.o(.data)
    fifo_ir                                  0x200000e2   Data           2  max30102.o(.data)
    USART_RX_BUF                             0x200000e8   Data         200  usart.o(.bss)
    Store_Data                               0x200001b0   Data        1024  store.o(.bss)
    xQueueRegistry                           0x200005b0   Data          64  queue.o(.bss)
    s1                                       0x200028fc   Data        4224  blood.o(.bss)
    s2                                       0x2000397c   Data        4224  blood.o(.bss)
    __initial_sp                             0x20004e00   Data           0  startup_stm32f10x_hd.o(STACK)



==============================================================================

Memory Map of the image

  Image Entry point : 0x080001dd

  Load Region LR_1 (Base: 0x08000000, Size: 0x00005578, Max: 0xffffffff, ABSOLUTE)

    Execution Region ER_RO (Exec base: 0x08000000, Load base: 0x08000000, Size: 0x00005490, Max: 0xffffffff, ABSOLUTE)

    Exec Addr    Load Addr    Size         Type   Attr      Idx    E Section Name        Object

    0x08000000   0x08000000   0x00000130   Data   RO          533    RESET               startup_stm32f10x_hd.o
    0x08000130   0x08000130   0x00000000   Code   RO         3681  * .ARM.Collect$$$$00000000  mc_w.l(entry.o)
    0x08000130   0x08000130   0x00000004   Code   RO         3993    .ARM.Collect$$$$00000001  mc_w.l(entry2.o)
    0x08000134   0x08000134   0x00000004   Code   RO         3996    .ARM.Collect$$$$00000004  mc_w.l(entry5.o)
    0x08000138   0x08000138   0x00000000   Code   RO         3998    .ARM.Collect$$$$00000008  mc_w.l(entry7b.o)
    0x08000138   0x08000138   0x00000000   Code   RO         4000    .ARM.Collect$$$$0000000A  mc_w.l(entry8b.o)
    0x08000138   0x08000138   0x00000008   Code   RO         4001    .ARM.Collect$$$$0000000B  mc_w.l(entry9a.o)
    0x08000140   0x08000140   0x00000000   Code   RO         4003    .ARM.Collect$$$$0000000D  mc_w.l(entry10a.o)
    0x08000140   0x08000140   0x00000000   Code   RO         4005    .ARM.Collect$$$$0000000F  mc_w.l(entry11a.o)
    0x08000140   0x08000140   0x00000004   Code   RO         3994    .ARM.Collect$$$$00002712  mc_w.l(entry2.o)
    0x08000144   0x08000144   0x00000096   Code   RO         3219    .emb_text           port.o
    0x080001da   0x080001da   0x00000002   PAD
    0x080001dc   0x080001dc   0x00000024   Code   RO          534  * .text               startup_stm32f10x_hd.o
    0x08000200   0x08000200   0x00000024   Code   RO         3684    .text               mc_w.l(memcpya.o)
    0x08000224   0x08000224   0x00000024   Code   RO         3686    .text               mc_w.l(memseta.o)
    0x08000248   0x08000248   0x000000b0   Code   RO         3955    .text               mf_w.l(fadd.o)
    0x080002f8   0x080002f8   0x00000064   Code   RO         3957    .text               mf_w.l(fmul.o)
    0x0800035c   0x0800035c   0x0000007c   Code   RO         3959    .text               mf_w.l(fdiv.o)
    0x080003d8   0x080003d8   0x00000018   Code   RO         3961    .text               mf_w.l(fscalb.o)
    0x080003f0   0x080003f0   0x0000014e   Code   RO         3963    .text               mf_w.l(dadd.o)
    0x0800053e   0x0800053e   0x000000e4   Code   RO         3965    .text               mf_w.l(dmul.o)
    0x08000622   0x08000622   0x000000de   Code   RO         3967    .text               mf_w.l(ddiv.o)
    0x08000700   0x08000700   0x0000002e   Code   RO         3969    .text               mf_w.l(dscalb.o)
    0x0800072e   0x0800072e   0x00000012   Code   RO         3971    .text               mf_w.l(fflti.o)
    0x08000740   0x08000740   0x0000000a   Code   RO         3973    .text               mf_w.l(ffltui.o)
    0x0800074a   0x0800074a   0x00000022   Code   RO         3975    .text               mf_w.l(dflti.o)
    0x0800076c   0x0800076c   0x00000032   Code   RO         3977    .text               mf_w.l(ffixi.o)
    0x0800079e   0x0800079e   0x00000028   Code   RO         3979    .text               mf_w.l(ffixui.o)
    0x080007c6   0x080007c6   0x0000003e   Code   RO         3981    .text               mf_w.l(dfixi.o)
    0x08000804   0x08000804   0x00000026   Code   RO         3983    .text               mf_w.l(f2d.o)
    0x0800082a   0x0800082a   0x00000002   PAD
    0x0800082c   0x0800082c   0x00000030   Code   RO         3985    .text               mf_w.l(cdcmple.o)
    0x0800085c   0x0800085c   0x00000030   Code   RO         3987    .text               mf_w.l(cdrcmple.o)
    0x0800088c   0x0800088c   0x00000038   Code   RO         3989    .text               mf_w.l(d2f.o)
    0x080008c4   0x080008c4   0x00000014   Code   RO         3991    .text               mf_w.l(cfcmple.o)
    0x080008d8   0x080008d8   0x0000002c   Code   RO         4007    .text               mc_w.l(uidiv.o)
    0x08000904   0x08000904   0x00000062   Code   RO         4009    .text               mc_w.l(uldiv.o)
    0x08000966   0x08000966   0x0000001e   Code   RO         4011    .text               mc_w.l(llshl.o)
    0x08000984   0x08000984   0x00000020   Code   RO         4013    .text               mc_w.l(llushr.o)
    0x080009a4   0x080009a4   0x00000024   Code   RO         4015    .text               mc_w.l(llsshr.o)
    0x080009c8   0x080009c8   0x00000000   Code   RO         4024    .text               mc_w.l(iusefp.o)
    0x080009c8   0x080009c8   0x0000006e   Code   RO         4025    .text               mf_w.l(fepilogue.o)
    0x08000a36   0x08000a36   0x0000005e   Code   RO         4027    .text               mf_w.l(fsqrt.o)
    0x08000a94   0x08000a94   0x000000ba   Code   RO         4029    .text               mf_w.l(depilogue.o)
    0x08000b4e   0x08000b4e   0x00000030   Code   RO         4031    .text               mf_w.l(dfixul.o)
    0x08000b7e   0x08000b7e   0x00000002   PAD
    0x08000b80   0x08000b80   0x00000024   Code   RO         4033    .text               mc_w.l(init.o)
    0x08000ba4   0x08000ba4   0x0000005e   Code   RO         3576    i.Boot_Animation    oled12832.o
    0x08000c02   0x08000c02   0x00000002   Code   RO          215    i.BusFault_Handler  stm32f10x_it.o
    0x08000c04   0x08000c04   0x00000002   Code   RO          216    i.DebugMon_Handler  stm32f10x_it.o
    0x08000c06   0x08000c06   0x00000048   Code   RO         3351    i.EE                algorithm.o
    0x08000c4e   0x08000c4e   0x00000002   PAD
    0x08000c50   0x08000c50   0x00000150   Code   RO         3352    i.FFT               algorithm.o
    0x08000da0   0x08000da0   0x0000003c   Code   RO          579    i.FLASH_ErasePage   stm32f10x_flash.o
    0x08000ddc   0x08000ddc   0x00000028   Code   RO          580    i.FLASH_GetBank1Status  stm32f10x_flash.o
    0x08000e04   0x08000e04   0x00000010   Code   RO          589    i.FLASH_Lock        stm32f10x_flash.o
    0x08000e14   0x08000e14   0x00000034   Code   RO          592    i.FLASH_ProgramHalfWord  stm32f10x_flash.o
    0x08000e48   0x08000e48   0x00000018   Code   RO          597    i.FLASH_Unlock      stm32f10x_flash.o
    0x08000e60   0x08000e60   0x00000024   Code   RO          601    i.FLASH_WaitForLastOperation  stm32f10x_flash.o
    0x08000e84   0x08000e84   0x000000a2   Code   RO          752    i.GPIO_Init         stm32f10x_gpio.o
    0x08000f26   0x08000f26   0x0000000e   Code   RO          756    i.GPIO_ReadInputDataBit  stm32f10x_gpio.o
    0x08000f34   0x08000f34   0x00000004   Code   RO          759    i.GPIO_ResetBits    stm32f10x_gpio.o
    0x08000f38   0x08000f38   0x00000004   Code   RO          760    i.GPIO_SetBits      stm32f10x_gpio.o
    0x08000f3c   0x08000f3c   0x00000002   Code   RO          217    i.HardFault_Handler  stm32f10x_it.o
    0x08000f3e   0x08000f3e   0x00000002   PAD
    0x08000f40   0x08000f40   0x00000064   Code   RO         3493    i.I2C_Read_Array    i2c.o
    0x08000fa4   0x08000fa4   0x00000042   Code   RO         3494    i.I2C_Read_Byte     i2c.o
    0x08000fe6   0x08000fe6   0x00000002   PAD
    0x08000fe8   0x08000fe8   0x00000048   Code   RO         3495    i.I2C_Read_Data     i2c.o
    0x08001030   0x08001030   0x0000002c   Code   RO         3496    i.I2C_SDA_Mode      i2c.o
    0x0800105c   0x0800105c   0x00000058   Code   RO         3497    i.I2C_Send_Byte     i2c.o
    0x080010b4   0x080010b4   0x00000040   Code   RO         3498    i.I2C_Sende_Ack     i2c.o
    0x080010f4   0x080010f4   0x0000003c   Code   RO         3499    i.I2C_Start         i2c.o
    0x08001130   0x08001130   0x00000034   Code   RO         3500    i.I2C_Stop          i2c.o
    0x08001164   0x08001164   0x0000002c   Code   RO         3501    i.I2C_UserConfig    i2c.o
    0x08001190   0x08001190   0x00000032   Code   RO         3503    i.I2C_Write_Byte    i2c.o
    0x080011c2   0x080011c2   0x00000002   PAD
    0x080011c4   0x080011c4   0x00000048   Code   RO         3504    i.I2C_Writr_Ack     i2c.o
    0x0800120c   0x0800120c   0x00000078   Code   RO            1    i.MAX30102Task      main.o
    0x08001284   0x08001284   0x00000074   Code   RO         3448    i.MAX30102_Config   max30102.o
    0x080012f8   0x080012f8   0x00000024   Code   RO         3449    i.MAX30102_GPIO     max30102.o
    0x0800131c   0x0800131c   0x00000014   Code   RO         3450    i.Max30102_reset    max30102.o
    0x08001330   0x08001330   0x00000002   Code   RO          218    i.MemManage_Handler  stm32f10x_it.o
    0x08001332   0x08001332   0x00000016   Code   RO          444    i.MyFLASH_ErasePage  myflash.o
    0x08001348   0x08001348   0x0000001a   Code   RO          445    i.MyFLASH_ProgramHalfWord  myflash.o
    0x08001362   0x08001362   0x00000004   Code   RO          448    i.MyFLASH_ReadHalfWord  myflash.o
    0x08001366   0x08001366   0x00000002   Code   RO          219    i.NMI_Handler       stm32f10x_it.o
    0x08001368   0x08001368   0x00000064   Code   RO          538    i.NVIC_Init         misc.o
    0x080013cc   0x080013cc   0x00000014   Code   RO          539    i.NVIC_PriorityGroupConfig  misc.o
    0x080013e0   0x080013e0   0x00000124   Code   RO            2    i.OLEDTask          main.o
    0x08001504   0x08001504   0x00000018   Code   RO         1068    i.RCC_APB2PeriphClockCmd  stm32f10x_rcc.o
    0x0800151c   0x0800151c   0x00000090   Code   RO         1076    i.RCC_GetClocksFreq  stm32f10x_rcc.o
    0x080015ac   0x080015ac   0x000000a8   Code   RO          286    i.SetSysClockTo72   system_stm32f10x.o
    0x08001654   0x08001654   0x00000060   Code   RO          492    i.Store_Init        store.o
    0x080016b4   0x080016b4   0x00000034   Code   RO          493    i.Store_Save        store.o
    0x080016e8   0x080016e8   0x00000018   Code   RO          542    i.SysTick_CLKSourceConfig  misc.o
    0x08001700   0x08001700   0x00000014   Code   RO          315    i.SysTick_Handler   delay.o
    0x08001714   0x08001714   0x00000050   Code   RO          288    i.SystemInit        system_stm32f10x.o
    0x08001764   0x08001764   0x00000064   Code   RO          395    i.USART1_IRQHandler  usart.o
    0x080017c8   0x080017c8   0x00000014   Code   RO         2131    i.USART_Cmd         stm32f10x_usart.o
    0x080017dc   0x080017dc   0x0000003e   Code   RO         2135    i.USART_GetITStatus  stm32f10x_usart.o
    0x0800181a   0x0800181a   0x00000030   Code   RO         2137    i.USART_ITConfig    stm32f10x_usart.o
    0x0800184a   0x0800184a   0x00000002   PAD
    0x0800184c   0x0800184c   0x000000ac   Code   RO         2138    i.USART_Init        stm32f10x_usart.o
    0x080018f8   0x080018f8   0x00000008   Code   RO         2145    i.USART_ReceiveData  stm32f10x_usart.o
    0x08001900   0x08001900   0x00000002   Code   RO          220    i.UsageFault_Handler  stm32f10x_it.o
    0x08001902   0x08001902   0x00000002   PAD
    0x08001904   0x08001904   0x0000001c   Code   RO         3353    i.XCos              algorithm.o
    0x08001920   0x08001920   0x000001b0   Code   RO         3354    i.XSin              algorithm.o
    0x08001ad0   0x08001ad0   0x00000020   Code   RO         3927    i.__0printf         mc_w.l(printfa.o)
    0x08001af0   0x08001af0   0x00000028   Code   RO         3929    i.__0sprintf        mc_w.l(printfa.o)
    0x08001b18   0x08001b18   0x0000000e   Code   RO         4037    i.__scatterload_copy  mc_w.l(handlers.o)
    0x08001b26   0x08001b26   0x00000002   Code   RO         4038    i.__scatterload_null  mc_w.l(handlers.o)
    0x08001b28   0x08001b28   0x0000000e   Code   RO         4039    i.__scatterload_zeroinit  mc_w.l(handlers.o)
    0x08001b36   0x08001b36   0x00000002   PAD
    0x08001b38   0x08001b38   0x0000000c   Code   RO         4019    i.__set_errno       mc_w.l(errno.o)
    0x08001b44   0x08001b44   0x00000184   Code   RO         3934    i._fp_digits        mc_w.l(printfa.o)
    0x08001cc8   0x08001cc8   0x000006dc   Code   RO         3935    i._printf_core      mc_w.l(printfa.o)
    0x080023a4   0x080023a4   0x00000024   Code   RO         3936    i._printf_post_padding  mc_w.l(printfa.o)
    0x080023c8   0x080023c8   0x0000002e   Code   RO         3937    i._printf_pre_padding  mc_w.l(printfa.o)
    0x080023f6   0x080023f6   0x0000000a   Code   RO         3939    i._sputc            mc_w.l(printfa.o)
    0x08002400   0x08002400   0x00000080   Code   RO         3419    i.blood_Loop        blood.o
    0x08002480   0x08002480   0x000002d4   Code   RO         3420    i.blood_data_translate  blood.o
    0x08002754   0x08002754   0x0000007c   Code   RO         3421    i.blood_data_update  blood.o
    0x080027d0   0x080027d0   0x00000048   Code   RO          316    i.delay_init        delay.o
    0x08002818   0x08002818   0x00000038   Code   RO          317    i.delay_ms          delay.o
    0x08002850   0x08002850   0x00000034   Code   RO          318    i.delay_us          delay.o
    0x08002884   0x08002884   0x0000001a   Code   RO          319    i.delay_xms         delay.o
    0x0800289e   0x0800289e   0x00000002   PAD
    0x080028a0   0x080028a0   0x00000032   Code   RO         3357    i.find_max_num_index  algorithm.o
    0x080028d2   0x080028d2   0x00000002   PAD
    0x080028d4   0x080028d4   0x00000018   Code   RO          397    i.fputc             usart.o
    0x080028ec   0x080028ec   0x0000000a   Code   RO         3505    i.i2c_Delay         i2c.o
    0x080028f6   0x080028f6   0x00000002   PAD
    0x080028f8   0x080028f8   0x0000004c   Code   RO            3    i.main              main.o
    0x08002944   0x08002944   0x0000008c   Code   RO         3452    i.max30102_read_fifo  max30102.o
    0x080029d0   0x080029d0   0x00000020   Code   RO         3358    i.my_floor          algorithm.o
    0x080029f0   0x080029f0   0x00000088   Code   RO         3359    i.my_fmod           algorithm.o
    0x08002a78   0x08002a78   0x00000032   Code   RO         3581    i.oled_Clear        oled12832.o
    0x08002aaa   0x08002aaa   0x00000002   PAD
    0x08002aac   0x08002aac   0x0000006c   Code   RO         3582    i.oled_Display8x16  oled12832.o
    0x08002b18   0x08002b18   0x00000022   Code   RO         3583    i.oled_Display_8x16_Buffer  oled12832.o
    0x08002b3a   0x08002b3a   0x000000ba   Code   RO         3584    i.oled_Init         oled12832.o
    0x08002bf4   0x08002bf4   0x0000002e   Code   RO         3586    i.oled_WriteCmd     oled12832.o
    0x08002c22   0x08002c22   0x0000002e   Code   RO         3587    i.oled_WriteData    oled12832.o
    0x08002c50   0x08002c50   0x00000018   Code   RO         3588    i.oled_Write_Off    oled12832.o
    0x08002c68   0x08002c68   0x00000018   Code   RO         3589    i.oled_Write_On     oled12832.o
    0x08002c80   0x08002c80   0x00000088   Code   RO         2706    i.prvAddCurrentTaskToDelayedList  tasks.o
    0x08002d08   0x08002d08   0x000000f0   Code   RO         2707    i.prvAddNewTaskToReadyList  tasks.o
    0x08002df8   0x08002df8   0x00000050   Code   RO         3069    i.prvCheckForValidListAndQueue  timers.o
    0x08002e48   0x08002e48   0x00000026   Code   RO         2473    i.prvCopyDataFromQueue  queue.o
    0x08002e6e   0x08002e6e   0x0000006c   Code   RO         2474    i.prvCopyDataToQueue  queue.o
    0x08002eda   0x08002eda   0x00000014   Code   RO         2708    i.prvDeleteTCB      tasks.o
    0x08002eee   0x08002eee   0x00000002   PAD
    0x08002ef0   0x08002ef0   0x0000004c   Code   RO         3296    i.prvHeapInit       heap_4.o
    0x08002f3c   0x08002f3c   0x00000060   Code   RO         2709    i.prvIdleTask       tasks.o
    0x08002f9c   0x08002f9c   0x000000d4   Code   RO         2710    i.prvInitialiseNewTask  tasks.o
    0x08003070   0x08003070   0x0000004c   Code   RO         3297    i.prvInsertBlockIntoFreeList  heap_4.o
    0x080030bc   0x080030bc   0x00000038   Code   RO         3070    i.prvInsertTimerInActiveList  timers.o
    0x080030f4   0x080030f4   0x0000001c   Code   RO         2475    i.prvIsQueueEmpty   queue.o
    0x08003110   0x08003110   0x00000098   Code   RO         2476    i.prvNotifyQueueSetContainer  queue.o
    0x080031a8   0x080031a8   0x00000040   Code   RO         3071    i.prvProcessExpiredTimer  timers.o
    0x080031e8   0x080031e8   0x0000011c   Code   RO         3072    i.prvProcessReceivedCommands  timers.o
    0x08003304   0x08003304   0x0000006c   Code   RO         3073    i.prvProcessTimerOrBlockTask  timers.o
    0x08003370   0x08003370   0x00000028   Code   RO         3074    i.prvReloadTimer    timers.o
    0x08003398   0x08003398   0x0000001c   Code   RO         2712    i.prvResetNextTaskUnblockTime  tasks.o
    0x080033b4   0x080033b4   0x00000048   Code   RO         3075    i.prvSampleTimeNow  timers.o
    0x080033fc   0x080033fc   0x00000054   Code   RO            4    i.prvSetupHardware  main.o
    0x08003450   0x08003450   0x00000064   Code   RO         3220    i.prvTaskExitError  port.o
    0x080034b4   0x080034b4   0x00000014   Code   RO         2316    i.prvTestWaitCondition  event_groups.o
    0x080034c8   0x080034c8   0x00000024   Code   RO         3076    i.prvTimerTask      timers.o
    0x080034ec   0x080034ec   0x00000076   Code   RO         2477    i.prvUnlockQueue    queue.o
    0x08003562   0x08003562   0x00000002   PAD
    0x08003564   0x08003564   0x00000124   Code   RO         3298    i.pvPortMalloc      heap_4.o
    0x08003688   0x08003688   0x00000024   Code   RO         3221    i.pxPortInitialiseStack  port.o
    0x080036ac   0x080036ac   0x0000002c   Code   RO         3674    i.sqrtf             m_ws.l(sqrtf.o)
    0x080036d8   0x080036d8   0x00000068   Code   RO            5    i.startTask         main.o
    0x08003740   0x08003740   0x000000a0   Code   RO          398    i.uart_init         usart.o
    0x080037e0   0x080037e0   0x00000026   Code   RO         2433    i.uxListRemove      list.o
    0x08003806   0x08003806   0x00000002   PAD
    0x08003808   0x08003808   0x00000018   Code   RO         2722    i.uxTaskResetEventItemValue  tasks.o
    0x08003820   0x08003820   0x00000016   Code   RO         2434    i.vListInitialise   list.o
    0x08003836   0x08003836   0x00000006   Code   RO         2435    i.vListInitialiseItem  list.o
    0x0800383c   0x0800383c   0x00000030   Code   RO         2436    i.vListInsert       list.o
    0x0800386c   0x0800386c   0x00000018   Code   RO         2437    i.vListInsertEnd    list.o
    0x08003884   0x08003884   0x00000078   Code   RO         3223    i.vPortEnterCritical  port.o
    0x080038fc   0x080038fc   0x00000064   Code   RO         3224    i.vPortExitCritical  port.o
    0x08003960   0x08003960   0x000000a0   Code   RO         3299    i.vPortFree         heap_4.o
    0x08003a00   0x08003a00   0x00000024   Code   RO         3225    i.vPortSetupTimerInterrupt  port.o
    0x08003a24   0x08003a24   0x00000074   Code   RO         2483    i.vQueueAddToRegistry  queue.o
    0x08003a98   0x08003a98   0x00000044   Code   RO         2487    i.vQueueWaitForMessageRestricted  queue.o
    0x08003adc   0x08003adc   0x0000006c   Code   RO         2723    i.vTaskDelay        tasks.o
    0x08003b48   0x08003b48   0x000000cc   Code   RO         2724    i.vTaskDelete       tasks.o
    0x08003c14   0x08003c14   0x00000010   Code   RO         2728    i.vTaskInternalSetTimeOutState  tasks.o
    0x08003c24   0x08003c24   0x0000000c   Code   RO         2730    i.vTaskMissedYield  tasks.o
    0x08003c30   0x08003c30   0x00000054   Code   RO         2731    i.vTaskPlaceOnEventList  tasks.o
    0x08003c84   0x08003c84   0x00000078   Code   RO         2732    i.vTaskPlaceOnEventListRestricted  tasks.o
    0x08003cfc   0x08003cfc   0x0000008c   Code   RO         2733    i.vTaskPlaceOnUnorderedEventList  tasks.o
    0x08003d88   0x08003d88   0x000000e8   Code   RO         2736    i.vTaskRemoveFromUnorderedEventList  tasks.o
    0x08003e70   0x08003e70   0x00000090   Code   RO         2740    i.vTaskStartScheduler  tasks.o
    0x08003f00   0x08003f00   0x00000010   Code   RO         2742    i.vTaskSuspendAll   tasks.o
    0x08003f10   0x08003f10   0x0000007c   Code   RO         2743    i.vTaskSwitchContext  tasks.o
    0x08003f8c   0x08003f8c   0x0000001a   Code   RO         2324    i.xEventGroupCreate  event_groups.o
    0x08003fa6   0x08003fa6   0x00000002   PAD
    0x08003fa8   0x08003fa8   0x000000b0   Code   RO         2326    i.xEventGroupSetBits  event_groups.o
    0x08004058   0x08004058   0x00000124   Code   RO         2329    i.xEventGroupWaitBits  event_groups.o
    0x0800417c   0x0800417c   0x000000f0   Code   RO         3227    i.xPortStartScheduler  port.o
    0x0800426c   0x0800426c   0x0000002c   Code   RO         3228    i.xPortSysTickHandler  port.o
    0x08004298   0x08004298   0x00000088   Code   RO         2492    i.xQueueGenericCreate  queue.o
    0x08004320   0x08004320   0x000000d0   Code   RO         2493    i.xQueueGenericReset  queue.o
    0x080043f0   0x080043f0   0x00000150   Code   RO         2502    i.xQueueReceive     queue.o
    0x08004540   0x08004540   0x00000098   Code   RO         2745    i.xTaskCheckForTimeOut  tasks.o
    0x080045d8   0x080045d8   0x00000056   Code   RO         2746    i.xTaskCreate       tasks.o
    0x0800462e   0x0800462e   0x00000002   PAD
    0x08004630   0x08004630   0x0000001c   Code   RO         2753    i.xTaskGetSchedulerState  tasks.o
    0x0800464c   0x0800464c   0x0000000c   Code   RO         2754    i.xTaskGetTickCount  tasks.o
    0x08004658   0x08004658   0x00000158   Code   RO         2756    i.xTaskIncrementTick  tasks.o
    0x080047b0   0x080047b0   0x000000d4   Code   RO         2757    i.xTaskPriorityDisinherit  tasks.o
    0x08004884   0x08004884   0x000000fc   Code   RO         2759    i.xTaskRemoveFromEventList  tasks.o
    0x08004980   0x08004980   0x00000150   Code   RO         2760    i.xTaskResumeAll    tasks.o
    0x08004ad0   0x08004ad0   0x00000074   Code   RO         3084    i.xTimerCreateTimerTask  timers.o
    0x08004b44   0x08004b44   0x00000004   PAD
    0x08004b48   0x08004b48   0x00000328   Data   RO         3361    .constdata          algorithm.o
    0x08004e70   0x08004e70   0x00000600   Data   RO         3591    .constdata          oled12832.o
    0x08005470   0x08005470   0x00000020   Data   RO         4035    Region$$Table       anon$$obj.o


    Execution Region ER_RW (Exec base: 0x20000000, Load base: 0x08005490, Size: 0x000000e8, Max: 0xffffffff, ABSOLUTE)

    Exec Addr    Load Addr    Size         Type   Attr      Idx    E Section Name        Object

    0x20000000   0x08005490   0x00000020   Data   RW           12    .data               main.o
    0x20000020   0x080054b0   0x00000014   Data   RW          289    .data               system_stm32f10x.o
    0x20000034   0x080054c4   0x00000004   Data   RW          320    .data               delay.o
    0x20000038   0x080054c8   0x00000002   Data   RW          400    .data               usart.o
    0x2000003a   0x080054ca   0x00000002   PAD
    0x2000003c   0x080054cc   0x00000004   Data   RW          401    .data               usart.o
    0x20000040   0x080054d0   0x00000014   Data   RW         1096    .data               stm32f10x_rcc.o
    0x20000054   0x080054e4   0x00000040   Data   RW         2763    .data               tasks.o
    0x20000094   0x08005524   0x00000014   Data   RW         3093    .data               timers.o
    0x200000a8   0x08005538   0x0000000c   Data   RW         3229    .data               port.o
    0x200000b4   0x08005544   0x00000020   Data   RW         3305    .data               heap_4.o
    0x200000d4   0x08005564   0x0000000c   Data   RW         3423    .data               blood.o
    0x200000e0   0x08005570   0x00000004   Data   RW         3453    .data               max30102.o
    0x200000e4   0x08005574   0x00000004   Data   RW         4020    .data               mc_w.l(errno.o)


    Execution Region ER_ZI (Exec base: 0x200000e8, Load base: 0x08005578, Size: 0x00004d18, Max: 0xffffffff, ABSOLUTE)

    Exec Addr    Load Addr    Size         Type   Attr      Idx    E Section Name        Object

    0x200000e8        -       0x000000c8   Zero   RW          399    .bss                usart.o
    0x200001b0        -       0x00000400   Zero   RW          494    .bss                store.o
    0x200005b0        -       0x00000040   Zero   RW         2509    .bss                queue.o
    0x200005f0        -       0x000002e4   Zero   RW         2762    .bss                tasks.o
    0x200008d4        -       0x00000028   Zero   RW         3092    .bss                timers.o
    0x200008fc        -       0x00002000   Zero   RW         3304    .bss                heap_4.o
    0x200028fc        -       0x00002100   Zero   RW         3422    .bss                blood.o
    0x200049fc   0x08005578   0x00000004   PAD
    0x20004a00        -       0x00000400   Zero   RW          531    STACK               startup_stm32f10x_hd.o


==============================================================================

Image component sizes


      Code (inc. data)   RO Data    RW Data    ZI Data      Debug   Object Name

      1086         60        808          0          0       5951   algorithm.o
       976         96          0         12       8448       3036   blood.o
       226         20          0          4          0       2833   delay.o
       514         94          0          0          0      19311   event_groups.o
       604        134          0         32       8192       3947   heap_4.o
       722         42          0          0          0       7057   i2c.o
       138          0          0          0          0       3026   list.o
       676        196          0         32          0     256928   main.o
       312         10          0          4          0       2379   max30102.o
       144         16          0          0          0       2001   misc.o
        52          0          0          0          0       1609   myflash.o
       612          4       1536          0          0       6161   oled12832.o
       826        300          0         12          0       9276   port.o
      1308        198          0          0         64      12427   queue.o
        36          8        304          0       1024        772   startup_stm32f10x_hd.o
       228         30          0          0          0       5199   stm32f10x_flash.o
       184          0          0          0          0       3532   stm32f10x_gpio.o
        12          0          0          0          0       2409   stm32f10x_it.o
       168         22          0         20          0       3861   stm32f10x_rcc.o
       310          6          0          0          0       4970   stm32f10x_usart.o
       148         16          0          0       1024       1743   store.o
         0          0          0          0          0         32   sys.o
       248         24          0         20          0       1681   system_stm32f10x.o
      3378        704          0         64        740      33689   tasks.o
       856        162          0         20         40      12368   timers.o
       284         26          0          6        200       3652   usart.o

    ----------------------------------------------------------------------
     14084       2172       2680        228      19736     409850   Object Totals
         0          0         32          0          0          0   (incl. Generated)
        36          4          0          2          4          0   (incl. Padding)

    ----------------------------------------------------------------------

      Code (inc. data)   RO Data    RW Data    ZI Data      Debug   Library Member Name

        44          0          0          0          0         80   sqrtf.o
         0          0          0          0          0          0   entry.o
         0          0          0          0          0          0   entry10a.o
         0          0          0          0          0          0   entry11a.o
         8          4          0          0          0          0   entry2.o
         4          0          0          0          0          0   entry5.o
         0          0          0          0          0          0   entry7b.o
         0          0          0          0          0          0   entry8b.o
         8          4          0          0          0          0   entry9a.o
        12          6          0          4          0         68   errno.o
        30          0          0          0          0          0   handlers.o
        36          8          0          0          0         68   init.o
         0          0          0          0          0          0   iusefp.o
        30          0          0          0          0         68   llshl.o
        36          0          0          0          0         68   llsshr.o
        32          0          0          0          0         68   llushr.o
        36          0          0          0          0         68   memcpya.o
        36          0          0          0          0        108   memseta.o
      2308         96          0          0          0        604   printfa.o
        44          0          0          0          0         80   uidiv.o
        98          0          0          0          0         92   uldiv.o
        48          0          0          0          0         68   cdcmple.o
        48          0          0          0          0         68   cdrcmple.o
        20          0          0          0          0         68   cfcmple.o
        56          0          0          0          0         88   d2f.o
       334          0          0          0          0        148   dadd.o
       222          0          0          0          0        100   ddiv.o
       186          0          0          0          0        176   depilogue.o
        62          0          0          0          0         80   dfixi.o
        48          0          0          0          0         68   dfixul.o
        34          0          0          0          0         76   dflti.o
       228          0          0          0          0         96   dmul.o
        46          0          0          0          0         80   dscalb.o
        38          0          0          0          0         68   f2d.o
       176          0          0          0          0        140   fadd.o
       124          0          0          0          0         88   fdiv.o
       110          0          0          0          0        168   fepilogue.o
        50          0          0          0          0         68   ffixi.o
        40          0          0          0          0         68   ffixui.o
        18          0          0          0          0         68   fflti.o
        10          0          0          0          0         68   ffltui.o
       100          0          0          0          0         76   fmul.o
        24          0          0          0          0         68   fscalb.o
        94          0          0          0          0         96   fsqrt.o

    ----------------------------------------------------------------------
      4884        118          0          4          0       3464   Library Totals
         6          0          0          0          0          0   (incl. Padding)

    ----------------------------------------------------------------------

      Code (inc. data)   RO Data    RW Data    ZI Data      Debug   Library Name

        44          0          0          0          0         80   m_ws.l
      2718        118          0          4          0       1292   mc_w.l
      2116          0          0          0          0       2092   mf_w.l

    ----------------------------------------------------------------------
      4884        118          0          4          0       3464   Library Totals

    ----------------------------------------------------------------------

==============================================================================


      Code (inc. data)   RO Data    RW Data    ZI Data      Debug   

     18968       2290       2680        232      19736     404002   Grand Totals
     18968       2290       2680        232      19736     404002   ELF Image Totals
     18968       2290       2680        232          0          0   ROM Totals

==============================================================================

    Total RO  Size (Code + RO Data)                21648 (  21.14kB)
    Total RW  Size (RW Data + ZI Data)             19968 (  19.50kB)
    Total ROM Size (Code + RO Data + RW Data)      21880 (  21.37kB)

==============================================================================

