<html>
<body>
<pre>
<h1>礦ision Build Log</h1>
<h2>Tool Versions:</h2>
IDE-Version: μVision V5.24.2.0
Copyright (C) 2017 ARM Ltd and ARM Germany GmbH. All rights reserved.
License Information: 0 3320678937@qq.com, 0, LIC=UJWP0-BPD4S-X7RRZ-JPR7S-ATN59-633G5
 
Tool Versions:
Toolchain:       MDK-ARM Plus  Version: 5.24.1
Toolchain Path:  D:\keil5\ARM\ARMCC\Bin
C Compiler:      Armcc.exe V5.06 update 5 (build 528)
Assembler:       Armasm.exe V5.06 update 5 (build 528)
Linker/Locator:  ArmLink.exe V5.06 update 5 (build 528)
Library Manager: ArmAr.exe V5.06 update 5 (build 528)
Hex Converter:   FromElf.exe V5.06 update 5 (build 528)
CPU DLL:         SARMCM3.DLL V5.24.1
Dialog DLL:      DARMSTM.DLL V1.68.0.0
Target DLL:      STLink\ST-LINKIII-KEIL_SWO.dll V3.0.1.0
Dialog DLL:      TCM.DLL V1.32.0.0
 
<h2>Project:</h2>
D:\嵌入式大作业\初步成果 - 副本\USER\多功能检测仪.uvprojx
Project File Date:  12/19/2023

<h2>Output:</h2>
*** Using Compiler 'V5.06 update 5 (build 528)', folder: 'D:\keil5\ARM\ARMCC\Bin'
Rebuild target 'Template'
assembling startup_stm32f10x_hd.s...
compiling MyFLASH.c...
compiling core_cm3.c...
compiling main.c...
main.c(77): warning:  #177-D: variable "res"  was declared but never referenced
  	u8 res=0;
main.c(152): warning:  #167-D: argument of type "unsigned char *" is incompatible with parameter of type "char *restrict"
          sprintf(Data,"Heart Rate:%d",g_blooddata.heart);
main.c(154): warning:  #167-D: argument of type "unsigned char *" is incompatible with parameter of type "char *restrict"
          sprintf(Data,"SPO2:%.2f",g_blooddata.SpO2);
main.c(167): warning:  #167-D: argument of type "unsigned char *" is incompatible with parameter of type "char *restrict"
          sprintf(Data,"Heart Rate:--");
main.c(169): warning:  #167-D: argument of type "unsigned char *" is incompatible with parameter of type "char *restrict"
          sprintf(Data,"SPO2:--.--");
main.c: 5 warnings, 0 errors
compiling Store.c...
compiling usart.c...
compiling stm32f10x_it.c...
compiling system_stm32f10x.c...
compiling misc.c...
compiling delay.c...
compiling stm32f10x_flash.c...
compiling stm32f10x_gpio.c...
compiling stm32f10x_i2c.c...
compiling sys.c...
compiling stm32f10x_rcc.c...
compiling stm32f10x_sdio.c...
compiling stm32f10x_spi.c...
compiling croutine.c...
compiling stm32f10x_usart.c...
compiling list.c...
compiling event_groups.c...
compiling stm32f10x_tim.c...
compiling queue.c...
compiling max30102_fir.c...
compiling timers.c...
compiling algorithm.c...
compiling heap_4.c...
compiling port.c...
compiling max30102.c...
compiling blood.c...
compiling i2c.c...
compiling oled12832.c...
compiling tasks.c...
linking...
Program Size: Code=19824 RO-data=2680 RW-data=232 ZI-data=20248  
FromELF: creating hex file...
"..\OBJ\Template.axf" - 0 Error(s), 5 Warning(s).

<h2>Software Packages used:</h2>

Package Vendor: Keil
                http://www.keil.com/pack/Keil.STM32F1xx_DFP.2.2.0.pack
                Keil.STM32F1xx_DFP.2.2.0
                STMicroelectronics STM32F1 Series Device Support, Drivers and Examples

<h2>Collection of Component include folders:</h2>
  .\RTE\_Template
  D:\keil5\ARM\PACK\Keil\STM32F1xx_DFP\2.2.0\Device\Include

<h2>Collection of Component Files used:</h2>
Build Time Elapsed:  00:00:01
</pre>
</body>
</html>
